Archive member included to satisfy reference by file (symbol)

c:/users/quent_000/.vscode/extensions/buzzyelectronics.stm-helper-1.2.9/armgcc/bin/../lib/gcc/arm-none-eabi/9.2.1/../../../../arm-none-eabi/lib/thumb/v7e-m+fp/hard\libc_nano.a(lib_a-exit.o)
                              c:/users/quent_000/.vscode/extensions/buzzyelectronics.stm-helper-1.2.9/armgcc/bin/../lib/gcc/arm-none-eabi/9.2.1/../../../../arm-none-eabi/lib/thumb/v7e-m+fp/hard/crt0.o (exit)
c:/users/quent_000/.vscode/extensions/buzzyelectronics.stm-helper-1.2.9/armgcc/bin/../lib/gcc/arm-none-eabi/9.2.1/../../../../arm-none-eabi/lib/thumb/v7e-m+fp/hard\libc_nano.a(lib_a-impure.o)
                              c:/users/quent_000/.vscode/extensions/buzzyelectronics.stm-helper-1.2.9/armgcc/bin/../lib/gcc/arm-none-eabi/9.2.1/../../../../arm-none-eabi/lib/thumb/v7e-m+fp/hard\libc_nano.a(lib_a-exit.o) (_global_impure_ptr)
c:/users/quent_000/.vscode/extensions/buzzyelectronics.stm-helper-1.2.9/armgcc/bin/../lib/gcc/arm-none-eabi/9.2.1/../../../../arm-none-eabi/lib/thumb/v7e-m+fp/hard\libc_nano.a(lib_a-init.o)
                              c:/users/quent_000/.vscode/extensions/buzzyelectronics.stm-helper-1.2.9/armgcc/bin/../lib/gcc/arm-none-eabi/9.2.1/../../../../arm-none-eabi/lib/thumb/v7e-m+fp/hard/crt0.o (__libc_init_array)
c:/users/quent_000/.vscode/extensions/buzzyelectronics.stm-helper-1.2.9/armgcc/bin/../lib/gcc/arm-none-eabi/9.2.1/../../../../arm-none-eabi/lib/thumb/v7e-m+fp/hard\libc_nano.a(lib_a-memset.o)
                              c:/users/quent_000/.vscode/extensions/buzzyelectronics.stm-helper-1.2.9/armgcc/bin/../lib/gcc/arm-none-eabi/9.2.1/../../../../arm-none-eabi/lib/thumb/v7e-m+fp/hard/crt0.o (memset)
c:/users/quent_000/.vscode/extensions/buzzyelectronics.stm-helper-1.2.9/armgcc/bin/../lib/gcc/arm-none-eabi/9.2.1/../../../../arm-none-eabi/lib/thumb/v7e-m+fp/hard\libc_nano.a(lib_a-strlen.o)
                              build/main.o (strlen)
c:/users/quent_000/.vscode/extensions/buzzyelectronics.stm-helper-1.2.9/armgcc/bin/../lib/gcc/arm-none-eabi/9.2.1/../../../../arm-none-eabi/lib/thumb/v7e-m+fp/hard\libnosys.a(_exit.o)
                              c:/users/quent_000/.vscode/extensions/buzzyelectronics.stm-helper-1.2.9/armgcc/bin/../lib/gcc/arm-none-eabi/9.2.1/../../../../arm-none-eabi/lib/thumb/v7e-m+fp/hard\libc_nano.a(lib_a-exit.o) (_exit)
c:/users/quent_000/.vscode/extensions/buzzyelectronics.stm-helper-1.2.9/armgcc/bin/../lib/gcc/arm-none-eabi/9.2.1/thumb/v7e-m+fp/hard\libgcc.a(_aeabi_uldivmod.o)
                              build/stm32f4xx_hal_rcc.o (__aeabi_uldivmod)
c:/users/quent_000/.vscode/extensions/buzzyelectronics.stm-helper-1.2.9/armgcc/bin/../lib/gcc/arm-none-eabi/9.2.1/thumb/v7e-m+fp/hard\libgcc.a(_udivmoddi4.o)
                              c:/users/quent_000/.vscode/extensions/buzzyelectronics.stm-helper-1.2.9/armgcc/bin/../lib/gcc/arm-none-eabi/9.2.1/thumb/v7e-m+fp/hard\libgcc.a(_aeabi_uldivmod.o) (__udivmoddi4)
c:/users/quent_000/.vscode/extensions/buzzyelectronics.stm-helper-1.2.9/armgcc/bin/../lib/gcc/arm-none-eabi/9.2.1/thumb/v7e-m+fp/hard\libgcc.a(_dvmd_tls.o)
                              c:/users/quent_000/.vscode/extensions/buzzyelectronics.stm-helper-1.2.9/armgcc/bin/../lib/gcc/arm-none-eabi/9.2.1/thumb/v7e-m+fp/hard\libgcc.a(_aeabi_uldivmod.o) (__aeabi_ldiv0)

Allocating common symbols
Common symbol       size              file

hi2c1               0x54              build/main.o
uwTick              0x4               build/stm32f4xx_hal.o
pFlash              0x20              build/stm32f4xx_hal_flash.o
huart2              0x40              build/main.o

Discarded input sections

 .text          0x0000000000000000        0x0 c:/users/quent_000/.vscode/extensions/buzzyelectronics.stm-helper-1.2.9/armgcc/bin/../lib/gcc/arm-none-eabi/9.2.1/thumb/v7e-m+fp/hard/crti.o
 .data          0x0000000000000000        0x0 c:/users/quent_000/.vscode/extensions/buzzyelectronics.stm-helper-1.2.9/armgcc/bin/../lib/gcc/arm-none-eabi/9.2.1/thumb/v7e-m+fp/hard/crti.o
 .bss           0x0000000000000000        0x0 c:/users/quent_000/.vscode/extensions/buzzyelectronics.stm-helper-1.2.9/armgcc/bin/../lib/gcc/arm-none-eabi/9.2.1/thumb/v7e-m+fp/hard/crti.o
 .text          0x0000000000000000        0x0 c:/users/quent_000/.vscode/extensions/buzzyelectronics.stm-helper-1.2.9/armgcc/bin/../lib/gcc/arm-none-eabi/9.2.1/thumb/v7e-m+fp/hard/crtbegin.o
 .data          0x0000000000000000        0x0 c:/users/quent_000/.vscode/extensions/buzzyelectronics.stm-helper-1.2.9/armgcc/bin/../lib/gcc/arm-none-eabi/9.2.1/thumb/v7e-m+fp/hard/crtbegin.o
 .bss           0x0000000000000000        0x0 c:/users/quent_000/.vscode/extensions/buzzyelectronics.stm-helper-1.2.9/armgcc/bin/../lib/gcc/arm-none-eabi/9.2.1/thumb/v7e-m+fp/hard/crtbegin.o
 .data.__dso_handle
                0x0000000000000000        0x4 c:/users/quent_000/.vscode/extensions/buzzyelectronics.stm-helper-1.2.9/armgcc/bin/../lib/gcc/arm-none-eabi/9.2.1/thumb/v7e-m+fp/hard/crtbegin.o
[...]
Memory Configuration

Name             Origin             Length             Attributes
RAM              0x0000000020000000 0x0000000000018000 xrw
FLASH            0x0000000008000000 0x0000000000080000 xr
*default*        0x0000000000000000 0xffffffffffffffff

Linker script and memory map

LOAD c:/users/quent_000/.vscode/extensions/buzzyelectronics.stm-helper-1.2.9/armgcc/bin/../lib/gcc/arm-none-eabi/9.2.1/thumb/v7e-m+fp/hard/crti.o
LOAD c:/users/quent_000/.vscode/extensions/buzzyelectronics.stm-helper-1.2.9/armgcc/bin/../lib/gcc/arm-none-eabi/9.2.1/thumb/v7e-m+fp/hard/crtbegin.o
LOAD c:/users/quent_000/.vscode/extensions/buzzyelectronics.stm-helper-1.2.9/armgcc/bin/../lib/gcc/arm-none-eabi/9.2.1/../../../../arm-none-eabi/lib/thumb/v7e-m+fp/hard/crt0.o
LOAD build/main.o
LOAD build/stm32f4xx_it.o
LOAD build/stm32f4xx_hal_msp.o
LOAD build/stm32f4xx_hal_i2c.o
LOAD build/stm32f4xx_hal_i2c_ex.o
LOAD build/stm32f4xx_hal_rcc.o
LOAD build/stm32f4xx_hal_rcc_ex.o
LOAD build/stm32f4xx_hal_flash.o
LOAD build/stm32f4xx_hal_flash_ex.o
LOAD build/stm32f4xx_hal_flash_ramfunc.o
LOAD build/stm32f4xx_hal_gpio.o
LOAD build/stm32f4xx_hal_dma_ex.o
LOAD build/stm32f4xx_hal_dma.o
LOAD build/stm32f4xx_hal_pwr.o
LOAD build/stm32f4xx_hal_pwr_ex.o
LOAD build/stm32f4xx_hal_cortex.o
LOAD build/stm32f4xx_hal.o
LOAD build/stm32f4xx_hal_exti.o
LOAD build/stm32f4xx_hal_tim.o
LOAD build/stm32f4xx_hal_tim_ex.o
LOAD build/stm32f4xx_hal_uart.o
LOAD build/system_stm32f4xx.o
LOAD build/startup_stm32f401xe.o
LOAD c:/users/quent_000/.vscode/extensions/buzzyelectronics.stm-helper-1.2.9/armgcc/bin/../lib/gcc/arm-none-eabi/9.2.1/../../../../arm-none-eabi/lib/thumb/v7e-m+fp/hard\libc_nano.a
LOAD c:/users/quent_000/.vscode/extensions/buzzyelectronics.stm-helper-1.2.9/armgcc/bin/../lib/gcc/arm-none-eabi/9.2.1/../../../../arm-none-eabi/lib/thumb/v7e-m+fp/hard\libm.a
LOAD c:/users/quent_000/.vscode/extensions/buzzyelectronics.stm-helper-1.2.9/armgcc/bin/../lib/gcc/arm-none-eabi/9.2.1/../../../../arm-none-eabi/lib/thumb/v7e-m+fp/hard\libnosys.a
START GROUP
LOAD c:/users/quent_000/.vscode/extensions/buzzyelectronics.stm-helper-1.2.9/armgcc/bin/../lib/gcc/arm-none-eabi/9.2.1/thumb/v7e-m+fp/hard\libgcc.a
LOAD c:/users/quent_000/.vscode/extensions/buzzyelectronics.stm-helper-1.2.9/armgcc/bin/../lib/gcc/arm-none-eabi/9.2.1/../../../../arm-none-eabi/lib/thumb/v7e-m+fp/hard\libc_nano.a
END GROUP
START GROUP
LOAD c:/users/quent_000/.vscode/extensions/buzzyelectronics.stm-helper-1.2.9/armgcc/bin/../lib/gcc/arm-none-eabi/9.2.1/thumb/v7e-m+fp/hard\libgcc.a
LOAD c:/users/quent_000/.vscode/extensions/buzzyelectronics.stm-helper-1.2.9/armgcc/bin/../lib/gcc/arm-none-eabi/9.2.1/../../../../arm-none-eabi/lib/thumb/v7e-m+fp/hard\libc_nano.a
END GROUP
LOAD c:/users/quent_000/.vscode/extensions/buzzyelectronics.stm-helper-1.2.9/armgcc/bin/../lib/gcc/arm-none-eabi/9.2.1/thumb/v7e-m+fp/hard/crtend.o
LOAD c:/users/quent_000/.vscode/extensions/buzzyelectronics.stm-helper-1.2.9/armgcc/bin/../lib/gcc/arm-none-eabi/9.2.1/thumb/v7e-m+fp/hard/crtn.o
                0x0000000020018000                _estack = 0x20018000
                0x0000000000000200                _Min_Heap_Size = 0x200
                0x0000000000000400                _Min_Stack_Size = 0x400

.isr_vector     0x0000000008000000      0x194
                0x0000000008000000                . = ALIGN (0x4)
 *(.isr_vector)
 .isr_vector    0x0000000008000000      0x194 build/startup_stm32f401xe.o
                0x0000000008000000                g_pfnVectors
                0x0000000008000194                . = ALIGN (0x4)

.text           0x0000000008000194     0x17c4
                0x0000000008000194                . = ALIGN (0x4)
 *(.text)
 .text          0x0000000008000194       0x10 c:/users/quent_000/.vscode/extensions/buzzyelectronics.stm-helper-1.2.9/armgcc/bin/../lib/gcc/arm-none-eabi/9.2.1/../../../../arm-none-eabi/lib/thumb/v7e-m+fp/hard\libc_nano.a(lib_a-strlen.o)
                0x0000000008000194                strlen
 .text          0x00000000080001a4       0x30 c:/users/quent_000/.vscode/extensions/buzzyelectronics.stm-helper-1.2.9/armgcc/bin/../lib/gcc/arm-none-eabi/9.2.1/thumb/v7e-m+fp/hard\libgcc.a(_aeabi_uldivmod.o)
                0x00000000080001a4                __aeabi_uldivmod
 .text          0x00000000080001d4        0x4 c:/users/quent_000/.vscode/extensions/buzzyelectronics.stm-helper-1.2.9/armgcc/bin/../lib/gcc/arm-none-eabi/9.2.1/thumb/v7e-m+fp/hard\libgcc.a(_dvmd_tls.o)
                0x00000000080001d4                __aeabi_idiv0
                0x00000000080001d4                __aeabi_ldiv0
 *(.text*)
 .text.__do_global_dtors_aux
                0x00000000080001d8       0x24 c:/users/quent_000/.vscode/extensions/buzzyelectronics.stm-helper-1.2.9/armgcc/bin/../lib/gcc/arm-none-eabi/9.2.1/thumb/v7e-m+fp/hard/crtbegin.o
 .text.frame_dummy
                0x00000000080001fc       0x1c c:/users/quent_000/.vscode/extensions/buzzyelectronics.stm-helper-1.2.9/armgcc/bin/../lib/gcc/arm-none-eabi/9.2.1/thumb/v7e-m+fp/hard/crtbegin.o
 .text.MX_GPIO_Init
                0x0000000008000218       0xcc build/main.o
 .text.MX_I2C1_Init
                0x00000000080002e4       0x34 build/main.o
 .text.MX_USART2_UART_Init
                0x0000000008000318       0x2c build/main.o
 .text.SystemClock_Config
                0x0000000008000344       0x94 build/main.o
                0x0000000008000344                SystemClock_Config
 .text.pattern_led
                0x00000000080003d8      0x110 build/main.o
                0x00000000080003d8                pattern_led
 .text.main     0x00000000080004e8       0x94 build/main.o
                0x00000000080004e8                main
 .text.NMI_Handler
                0x000000000800057c        0x2 build/stm32f4xx_it.o
                0x000000000800057c                NMI_Handler
 .text.HardFault_Handler
                0x000000000800057e        0x2 build/stm32f4xx_it.o
                0x000000000800057e                HardFault_Handler
 .text.MemManage_Handler
                0x0000000008000580        0x2 build/stm32f4xx_it.o
                0x0000000008000580                MemManage_Handler
 .text.BusFault_Handler
                0x0000000008000582        0x2 build/stm32f4xx_it.o
                0x0000000008000582                BusFault_Handler
 .text.UsageFault_Handler
                0x0000000008000584        0x2 build/stm32f4xx_it.o
                0x0000000008000584                UsageFault_Handler
 .text.SVC_Handler
                0x0000000008000586        0x2 build/stm32f4xx_it.o
                0x0000000008000586                SVC_Handler
 .text.DebugMon_Handler
                0x0000000008000588        0x2 build/stm32f4xx_it.o
                0x0000000008000588                DebugMon_Handler
 .text.PendSV_Handler
                0x000000000800058a        0x2 build/stm32f4xx_it.o
                0x000000000800058a                PendSV_Handler
 .text.SysTick_Handler
                0x000000000800058c        0x8 build/stm32f4xx_it.o
                0x000000000800058c                SysTick_Handler
 .text.HAL_MspInit
                0x0000000008000594       0x40 build/stm32f4xx_hal_msp.o
                0x0000000008000594                HAL_MspInit
 .text.HAL_I2C_MspInit
                0x00000000080005d4       0x74 build/stm32f4xx_hal_msp.o
                0x00000000080005d4                HAL_I2C_MspInit
 .text.HAL_UART_MspInit
                0x0000000008000648       0x70 build/stm32f4xx_hal_msp.o
                0x0000000008000648                HAL_UART_MspInit
 .text.HAL_I2C_Init
                0x00000000080006b8      0x1bc build/stm32f4xx_hal_i2c.o
                0x00000000080006b8                HAL_I2C_Init
 .text.HAL_RCC_OscConfig
                0x0000000008000874      0x3ec build/stm32f4xx_hal_rcc.o
                0x0000000008000874                HAL_RCC_OscConfig
 .text.HAL_RCC_GetSysClockFreq
                0x0000000008000c60       0xcc build/stm32f4xx_hal_rcc.o
                0x0000000008000c60                HAL_RCC_GetSysClockFreq
 .text.HAL_RCC_ClockConfig
                0x0000000008000d2c      0x160 build/stm32f4xx_hal_rcc.o
                0x0000000008000d2c                HAL_RCC_ClockConfig
 .text.HAL_RCC_GetHCLKFreq
                0x0000000008000e8c        0xc build/stm32f4xx_hal_rcc.o
                0x0000000008000e8c                HAL_RCC_GetHCLKFreq
 .text.HAL_RCC_GetPCLK1Freq
                0x0000000008000e98       0x20 build/stm32f4xx_hal_rcc.o
                0x0000000008000e98                HAL_RCC_GetPCLK1Freq
 .text.HAL_RCC_GetPCLK2Freq
                0x0000000008000eb8       0x20 build/stm32f4xx_hal_rcc.o
                0x0000000008000eb8                HAL_RCC_GetPCLK2Freq
 .text.HAL_GPIO_Init
                0x0000000008000ed8      0x1a8 build/stm32f4xx_hal_gpio.o
                0x0000000008000ed8                HAL_GPIO_Init
 .text.HAL_GPIO_WritePin
                0x0000000008001080        0xc build/stm32f4xx_hal_gpio.o
                0x0000000008001080                HAL_GPIO_WritePin
 .text.HAL_GPIO_TogglePin
                0x000000000800108c       0x12 build/stm32f4xx_hal_gpio.o
                0x000000000800108c                HAL_GPIO_TogglePin
 *fill*         0x000000000800109e        0x2 
 .text.HAL_NVIC_SetPriorityGrouping
                0x00000000080010a0       0x24 build/stm32f4xx_hal_cortex.o
                0x00000000080010a0                HAL_NVIC_SetPriorityGrouping
 .text.HAL_NVIC_SetPriority
                0x00000000080010c4       0x68 build/stm32f4xx_hal_cortex.o
                0x00000000080010c4                HAL_NVIC_SetPriority
 .text.HAL_SYSTICK_Config
                0x000000000800112c       0x2c build/stm32f4xx_hal_cortex.o
                0x000000000800112c                HAL_SYSTICK_Config
 .text.HAL_InitTick
                0x0000000008001158       0x4c build/stm32f4xx_hal.o
                0x0000000008001158                HAL_InitTick
 .text.HAL_Init
                0x00000000080011a4       0x34 build/stm32f4xx_hal.o
                0x00000000080011a4                HAL_Init
 .text.HAL_IncTick
                0x00000000080011d8       0x18 build/stm32f4xx_hal.o
                0x00000000080011d8                HAL_IncTick
 .text.HAL_GetTick
                0x00000000080011f0        0xc build/stm32f4xx_hal.o
                0x00000000080011f0                HAL_GetTick
 .text.HAL_Delay
                0x00000000080011fc       0x28 build/stm32f4xx_hal.o
                0x00000000080011fc                HAL_Delay
 .text.UART_SetConfig
                0x0000000008001224      0x1e8 build/stm32f4xx_hal_uart.o
 .text.UART_WaitOnFlagUntilTimeout
                0x000000000800140c       0x68 build/stm32f4xx_hal_uart.o
 .text.HAL_UART_Init
                0x0000000008001474       0x5e build/stm32f4xx_hal_uart.o
                0x0000000008001474                HAL_UART_Init
 .text.HAL_UART_Transmit
                0x00000000080014d2       0xe2 build/stm32f4xx_hal_uart.o
                0x00000000080014d2                HAL_UART_Transmit
 .text.SystemInit
                0x00000000080015b4       0x1c build/system_stm32f4xx.o
                0x00000000080015b4                SystemInit
 .text.Reset_Handler
                0x00000000080015d0       0x50 build/startup_stm32f401xe.o
                0x00000000080015d0                Reset_Handler
 .text.Default_Handler
                0x0000000008001620        0x2 build/startup_stm32f401xe.o
                0x0000000008001620                RTC_Alarm_IRQHandler
                0x0000000008001620                EXTI2_IRQHandler
                0x0000000008001620                SPI4_IRQHandler
                0x0000000008001620                TIM1_CC_IRQHandler
                0x0000000008001620                DMA2_Stream5_IRQHandler
                0x0000000008001620                DMA1_Stream5_IRQHandler
                0x0000000008001620                PVD_IRQHandler
                0x0000000008001620                SDIO_IRQHandler
                0x0000000008001620                TAMP_STAMP_IRQHandler
                0x0000000008001620                EXTI3_IRQHandler
                0x0000000008001620                TIM1_UP_TIM10_IRQHandler
                0x0000000008001620                I2C3_ER_IRQHandler
                0x0000000008001620                EXTI0_IRQHandler
                0x0000000008001620                I2C2_EV_IRQHandler
                0x0000000008001620                DMA1_Stream2_IRQHandler
                0x0000000008001620                FPU_IRQHandler
                0x0000000008001620                DMA2_Stream2_IRQHandler
                0x0000000008001620                SPI1_IRQHandler
                0x0000000008001620                TIM1_BRK_TIM9_IRQHandler
                0x0000000008001620                DMA2_Stream3_IRQHandler
                0x0000000008001620                USART6_IRQHandler
                0x0000000008001620                DMA2_Stream0_IRQHandler
                0x0000000008001620                TIM4_IRQHandler
                0x0000000008001620                I2C1_EV_IRQHandler
                0x0000000008001620                DMA1_Stream6_IRQHandler
                0x0000000008001620                DMA1_Stream1_IRQHandler
                0x0000000008001620                TIM3_IRQHandler
                0x0000000008001620                RCC_IRQHandler
                0x0000000008001620                Default_Handler
                0x0000000008001620                EXTI15_10_IRQHandler
                0x0000000008001620                ADC_IRQHandler
                0x0000000008001620                DMA1_Stream7_IRQHandler
                0x0000000008001620                TIM5_IRQHandler
                0x0000000008001620                DMA2_Stream7_IRQHandler
                0x0000000008001620                I2C3_EV_IRQHandler
                0x0000000008001620                EXTI9_5_IRQHandler
                0x0000000008001620                RTC_WKUP_IRQHandler
                0x0000000008001620                SPI2_IRQHandler
                0x0000000008001620                DMA1_Stream0_IRQHandler
                0x0000000008001620                EXTI4_IRQHandler
                0x0000000008001620                WWDG_IRQHandler
                0x0000000008001620                TIM2_IRQHandler
                0x0000000008001620                OTG_FS_WKUP_IRQHandler
                0x0000000008001620                TIM1_TRG_COM_TIM11_IRQHandler
                0x0000000008001620                EXTI1_IRQHandler
                0x0000000008001620                USART2_IRQHandler
                0x0000000008001620                I2C2_ER_IRQHandler
                0x0000000008001620                DMA2_Stream1_IRQHandler
                0x0000000008001620                FLASH_IRQHandler
                0x0000000008001620                DMA2_Stream4_IRQHandler
                0x0000000008001620                USART1_IRQHandler
                0x0000000008001620                OTG_FS_IRQHandler
                0x0000000008001620                SPI3_IRQHandler
                0x0000000008001620                DMA1_Stream4_IRQHandler
                0x0000000008001620                I2C1_ER_IRQHandler
                0x0000000008001620                DMA2_Stream6_IRQHandler
                0x0000000008001620                DMA1_Stream3_IRQHandler
 *fill*         0x0000000008001622        0x2 
 .text.__libc_init_array
                0x0000000008001624       0x48 c:/users/quent_000/.vscode/extensions/buzzyelectronics.stm-helper-1.2.9/armgcc/bin/../lib/gcc/arm-none-eabi/9.2.1/../../../../arm-none-eabi/lib/thumb/v7e-m+fp/hard\libc_nano.a(lib_a-init.o)
                0x0000000008001624                __libc_init_array
 .text.memset   0x000000000800166c       0x10 c:/users/quent_000/.vscode/extensions/buzzyelectronics.stm-helper-1.2.9/armgcc/bin/../lib/gcc/arm-none-eabi/9.2.1/../../../../arm-none-eabi/lib/thumb/v7e-m+fp/hard\libc_nano.a(lib_a-memset.o)
                0x000000000800166c                memset
 .text.__udivmoddi4
                0x000000000800167c      0x2c4 c:/users/quent_000/.vscode/extensions/buzzyelectronics.stm-helper-1.2.9/armgcc/bin/../lib/gcc/arm-none-eabi/9.2.1/thumb/v7e-m+fp/hard\libgcc.a(_udivmoddi4.o)
                0x000000000800167c                __udivmoddi4
 *(.glue_7)
 .glue_7        0x0000000008001940        0x0 linker stubs
 *(.glue_7t)
 .glue_7t       0x0000000008001940        0x0 linker stubs
 *(.eh_frame)
 .eh_frame      0x0000000008001940        0x0 c:/users/quent_000/.vscode/extensions/buzzyelectronics.stm-helper-1.2.9/armgcc/bin/../lib/gcc/arm-none-eabi/9.2.1/thumb/v7e-m+fp/hard/crtbegin.o
 *(.init)
 .init          0x0000000008001940        0x4 c:/users/quent_000/.vscode/extensions/buzzyelectronics.stm-helper-1.2.9/armgcc/bin/../lib/gcc/arm-none-eabi/9.2.1/thumb/v7e-m+fp/hard/crti.o
                0x0000000008001940                _init
 .init          0x0000000008001944        0x8 c:/users/quent_000/.vscode/extensions/buzzyelectronics.stm-helper-1.2.9/armgcc/bin/../lib/gcc/arm-none-eabi/9.2.1/thumb/v7e-m+fp/hard/crtn.o
 *(.fini)
 .fini          0x000000000800194c        0x4 c:/users/quent_000/.vscode/extensions/buzzyelectronics.stm-helper-1.2.9/armgcc/bin/../lib/gcc/arm-none-eabi/9.2.1/thumb/v7e-m+fp/hard/crti.o
                0x000000000800194c                _fini
 .fini          0x0000000008001950        0x8 c:/users/quent_000/.vscode/extensions/buzzyelectronics.stm-helper-1.2.9/armgcc/bin/../lib/gcc/arm-none-eabi/9.2.1/thumb/v7e-m+fp/hard/crtn.o
                0x0000000008001958                . = ALIGN (0x4)
                0x0000000008001958                _etext = .

.vfp11_veneer   0x0000000008001958        0x0
 .vfp11_veneer  0x0000000008001958        0x0 linker stubs

.v4_bx          0x0000000008001958        0x0
 .v4_bx         0x0000000008001958        0x0 linker stubs

.iplt           0x0000000008001958        0x0
 .iplt          0x0000000008001958        0x0 c:/users/quent_000/.vscode/extensions/buzzyelectronics.stm-helper-1.2.9/armgcc/bin/../lib/gcc/arm-none-eabi/9.2.1/thumb/v7e-m+fp/hard/crtbegin.o

.rodata         0x0000000008001958       0x3c
                0x0000000008001958                . = ALIGN (0x4)
 *(.rodata)
 *(.rodata*)
 .rodata.main.str1.4
                0x0000000008001958       0x24 build/main.o
 .rodata.AHBPrescTable
                0x000000000800197c       0x10 build/system_stm32f4xx.o
                0x000000000800197c                AHBPrescTable
 .rodata.APBPrescTable
                0x000000000800198c        0x8 build/system_stm32f4xx.o
                0x000000000800198c                APBPrescTable
                0x0000000008001994                . = ALIGN (0x4)

.ARM.extab
 *(.ARM.extab* .gnu.linkonce.armextab.*)

.ARM            0x0000000008001994        0x8
                0x0000000008001994                __exidx_start = .
 *(.ARM.exidx*)
 .ARM.exidx.text.__udivmoddi4
                0x0000000008001994        0x8 c:/users/quent_000/.vscode/extensions/buzzyelectronics.stm-helper-1.2.9/armgcc/bin/../lib/gcc/arm-none-eabi/9.2.1/thumb/v7e-m+fp/hard\libgcc.a(_udivmoddi4.o)
                0x000000000800199c                __exidx_end = .

.rel.dyn        0x000000000800199c        0x0
 .rel.iplt      0x000000000800199c        0x0 c:/users/quent_000/.vscode/extensions/buzzyelectronics.stm-helper-1.2.9/armgcc/bin/../lib/gcc/arm-none-eabi/9.2.1/thumb/v7e-m+fp/hard/crtbegin.o

.preinit_array  0x000000000800199c        0x0
                0x000000000800199c                PROVIDE (__preinit_array_start = .)
 *(.preinit_array*)
                0x000000000800199c                PROVIDE (__preinit_array_end = .)

.init_array     0x000000000800199c        0x4
                0x000000000800199c                PROVIDE (__init_array_start = .)
 *(SORT_BY_NAME(.init_array.*))
 *(.init_array*)
 .init_array    0x000000000800199c        0x4 c:/users/quent_000/.vscode/extensions/buzzyelectronics.stm-helper-1.2.9/armgcc/bin/../lib/gcc/arm-none-eabi/9.2.1/thumb/v7e-m+fp/hard/crtbegin.o
                0x00000000080019a0                PROVIDE (__init_array_end = .)

.fini_array     0x00000000080019a0        0x4
                [!provide]                        PROVIDE (__fini_array_start = .)
 *(SORT_BY_NAME(.fini_array.*))
 *(.fini_array*)
 .fini_array    0x00000000080019a0        0x4 c:/users/quent_000/.vscode/extensions/buzzyelectronics.stm-helper-1.2.9/armgcc/bin/../lib/gcc/arm-none-eabi/9.2.1/thumb/v7e-m+fp/hard/crtbegin.o
                [!provide]                        PROVIDE (__fini_array_end = .)
                0x00000000080019a4                _sidata = LOADADDR (.data)

.data           0x0000000020000000        0xc load address 0x00000000080019a4
                0x0000000020000000                . = ALIGN (0x4)
                0x0000000020000000                _sdata = .
 *(.data)
 *(.data*)
 .data.uwTickFreq
                0x0000000020000000        0x1 build/stm32f4xx_hal.o
                0x0000000020000000                uwTickFreq
 *fill*         0x0000000020000001        0x3 
 .data.uwTickPrio
                0x0000000020000004        0x4 build/stm32f4xx_hal.o
                0x0000000020000004                uwTickPrio
 .data.SystemCoreClock
                0x0000000020000008        0x4 build/system_stm32f4xx.o
                0x0000000020000008                SystemCoreClock
                0x000000002000000c                . = ALIGN (0x4)
                0x000000002000000c                _edata = .

.igot.plt       0x000000002000000c        0x0 load address 0x00000000080019b0
 .igot.plt      0x000000002000000c        0x0 c:/users/quent_000/.vscode/extensions/buzzyelectronics.stm-helper-1.2.9/armgcc/bin/../lib/gcc/arm-none-eabi/9.2.1/thumb/v7e-m+fp/hard/crtbegin.o
                0x000000002000000c                . = ALIGN (0x4)

.bss            0x000000002000000c       0xb4 load address 0x00000000080019b0
                0x000000002000000c                _sbss = .
                0x000000002000000c                __bss_start__ = _sbss
 *(.bss)
 *(.bss*)
 .bss.completed.10274
                0x000000002000000c        0x1 c:/users/quent_000/.vscode/extensions/buzzyelectronics.stm-helper-1.2.9/armgcc/bin/../lib/gcc/arm-none-eabi/9.2.1/thumb/v7e-m+fp/hard/crtbegin.o
 *fill*         0x000000002000000d        0x3 
 .bss.object.10279
                0x0000000020000010       0x18 c:/users/quent_000/.vscode/extensions/buzzyelectronics.stm-helper-1.2.9/armgcc/bin/../lib/gcc/arm-none-eabi/9.2.1/thumb/v7e-m+fp/hard/crtbegin.o
 *(COMMON)
 COMMON         0x0000000020000028       0x94 build/main.o
                0x0000000020000028                hi2c1
                0x000000002000007c                huart2
 COMMON         0x00000000200000bc        0x4 build/stm32f4xx_hal.o
                0x00000000200000bc                uwTick
                0x00000000200000c0                . = ALIGN (0x4)
                0x00000000200000c0                _ebss = .
                0x00000000200000c0                __bss_end__ = _ebss

._user_heap_stack
                0x00000000200000c0      0x600 load address 0x00000000080019b0
                0x00000000200000c0                . = ALIGN (0x8)
                [!provide]                        PROVIDE (end = .)
                [!provide]                        PROVIDE (_end = .)
                0x00000000200002c0                . = (. + _Min_Heap_Size)
 *fill*         0x00000000200000c0      0x200 
                0x00000000200006c0                . = (. + _Min_Stack_Size)
 *fill*         0x00000000200002c0      0x400 
                0x00000000200006c0                . = ALIGN (0x8)

/DISCARD/
 libc.a(*)
 libm.a(*)
 libgcc.a(*)

.ARM.attributes
                0x0000000000000000       0x30
 *(.ARM.attributes)
 .ARM.attributes
                0x0000000000000000       0x1e c:/users/quent_000/.vscode/extensions/buzzyelectronics.stm-helper-1.2.9/armgcc/bin/../lib/gcc/arm-none-eabi/9.2.1/thumb/v7e-m+fp/hard/crti.o
 .ARM.attributes
                0x000000000000001e       0x34 c:/users/quent_000/.vscode/extensions/buzzyelectronics.stm-helper-1.2.9/armgcc/bin/../lib/gcc/arm-none-eabi/9.2.1/thumb/v7e-m+fp/hard/crtbegin.o
 .ARM.attributes
                0x0000000000000052       0x34 build/main.o
 .ARM.attributes
                0x0000000000000086       0x34 build/stm32f4xx_it.o
 .ARM.attributes
                0x00000000000000ba       0x34 build/stm32f4xx_hal_msp.o
 .ARM.attributes
                0x00000000000000ee       0x34 build/stm32f4xx_hal_i2c.o
 .ARM.attributes
                0x0000000000000122       0x34 build/stm32f4xx_hal_rcc.o
 .ARM.attributes
                0x0000000000000156       0x34 build/stm32f4xx_hal_gpio.o
 .ARM.attributes
                0x000000000000018a       0x34 build/stm32f4xx_hal_cortex.o
 .ARM.attributes
                0x00000000000001be       0x34 build/stm32f4xx_hal.o
 .ARM.attributes
                0x00000000000001f2       0x34 build/stm32f4xx_hal_uart.o
 .ARM.attributes
                0x0000000000000226       0x34 build/system_stm32f4xx.o
 .ARM.attributes
                0x000000000000025a       0x21 build/startup_stm32f401xe.o
 .ARM.attributes
                0x000000000000027b       0x34 c:/users/quent_000/.vscode/extensions/buzzyelectronics.stm-helper-1.2.9/armgcc/bin/../lib/gcc/arm-none-eabi/9.2.1/../../../../arm-none-eabi/lib/thumb/v7e-m+fp/hard\libc_nano.a(lib_a-init.o)
 .ARM.attributes
                0x00000000000002af       0x34 c:/users/quent_000/.vscode/extensions/buzzyelectronics.stm-helper-1.2.9/armgcc/bin/../lib/gcc/arm-none-eabi/9.2.1/../../../../arm-none-eabi/lib/thumb/v7e-m+fp/hard\libc_nano.a(lib_a-memset.o)
 .ARM.attributes
                0x00000000000002e3       0x17 c:/users/quent_000/.vscode/extensions/buzzyelectronics.stm-helper-1.2.9/armgcc/bin/../lib/gcc/arm-none-eabi/9.2.1/../../../../arm-none-eabi/lib/thumb/v7e-m+fp/hard\libc_nano.a(lib_a-strlen.o)
 .ARM.attributes
                0x00000000000002fa       0x1e c:/users/quent_000/.vscode/extensions/buzzyelectronics.stm-helper-1.2.9/armgcc/bin/../lib/gcc/arm-none-eabi/9.2.1/thumb/v7e-m+fp/hard\libgcc.a(_aeabi_uldivmod.o)
 .ARM.attributes
                0x0000000000000318       0x34 c:/users/quent_000/.vscode/extensions/buzzyelectronics.stm-helper-1.2.9/armgcc/bin/../lib/gcc/arm-none-eabi/9.2.1/thumb/v7e-m+fp/hard\libgcc.a(_udivmoddi4.o)
 .ARM.attributes
                0x000000000000034c       0x1e c:/users/quent_000/.vscode/extensions/buzzyelectronics.stm-helper-1.2.9/armgcc/bin/../lib/gcc/arm-none-eabi/9.2.1/thumb/v7e-m+fp/hard\libgcc.a(_dvmd_tls.o)
 .ARM.attributes
                0x000000000000036a       0x1e c:/users/quent_000/.vscode/extensions/buzzyelectronics.stm-helper-1.2.9/armgcc/bin/../lib/gcc/arm-none-eabi/9.2.1/thumb/v7e-m+fp/hard/crtn.o
OUTPUT(build/NUCLEOF401RE-PROJECT1-HAL.elf elf32-littlearm)

.debug_info     0x0000000000000000     0xc186
 .debug_info    0x0000000000000000     0x1fc8 build/main.o
 .debug_info    0x0000000000001fc8      0x271 build/stm32f4xx_it.o
 .debug_info    0x0000000000002239      0xf6b build/stm32f4xx_hal_msp.o
 .debug_info    0x00000000000031a4     0x3be2 build/stm32f4xx_hal_i2c.o
 .debug_info    0x0000000000006d86      0xc71 build/stm32f4xx_hal_rcc.o
 .debug_info    0x00000000000079f7      0x93f build/stm32f4xx_hal_gpio.o
 .debug_info    0x0000000000008336     0x11a8 build/stm32f4xx_hal_cortex.o
 .debug_info    0x00000000000094de      0xaef build/stm32f4xx_hal.o
 .debug_info    0x0000000000009fcd     0x1b29 build/stm32f4xx_hal_uart.o
 .debug_info    0x000000000000baf6      0x66e build/system_stm32f4xx.o
 .debug_info    0x000000000000c164       0x22 build/startup_stm32f401xe.o

.debug_abbrev   0x0000000000000000     0x1894
 .debug_abbrev  0x0000000000000000      0x2fc build/main.o
 .debug_abbrev  0x00000000000002fc       0xf2 build/stm32f4xx_it.o
 .debug_abbrev  0x00000000000003ee      0x1d7 build/stm32f4xx_hal_msp.o
 .debug_abbrev  0x00000000000005c5      0x330 build/stm32f4xx_hal_i2c.o
 .debug_abbrev  0x00000000000008f5      0x2cd build/stm32f4xx_hal_rcc.o
 .debug_abbrev  0x0000000000000bc2      0x258 build/stm32f4xx_hal_gpio.o
 .debug_abbrev  0x0000000000000e1a      0x3a8 build/stm32f4xx_hal_cortex.o
 .debug_abbrev  0x00000000000011c2      0x24d build/stm32f4xx_hal.o
 .debug_abbrev  0x000000000000140f      0x329 build/stm32f4xx_hal_uart.o
 .debug_abbrev  0x0000000000001738      0x14a build/system_stm32f4xx.o
 .debug_abbrev  0x0000000000001882       0x12 build/startup_stm32f401xe.o

.debug_loc      0x0000000000000000     0x8386
 .debug_loc     0x0000000000000000       0xfe build/main.o
 .debug_loc     0x00000000000000fe       0x20 build/stm32f4xx_it.o
 .debug_loc     0x000000000000011e      0x1eb build/stm32f4xx_hal_msp.o
 .debug_loc     0x0000000000000309     0x4b55 build/stm32f4xx_hal_i2c.o
 .debug_loc     0x0000000000004e5e      0x6c7 build/stm32f4xx_hal_rcc.o
 .debug_loc     0x0000000000005525      0x5c7 build/stm32f4xx_hal_gpio.o
 .debug_loc     0x0000000000005aec      0x7d4 build/stm32f4xx_hal_cortex.o
 .debug_loc     0x00000000000062c0      0x1e1 build/stm32f4xx_hal.o
 .debug_loc     0x00000000000064a1     0x1d79 build/stm32f4xx_hal_uart.o
 .debug_loc     0x000000000000821a      0x16c build/system_stm32f4xx.o

.debug_aranges  0x0000000000000000      0x828
 .debug_aranges
                0x0000000000000000       0x50 build/main.o
 .debug_aranges
                0x0000000000000050       0x60 build/stm32f4xx_it.o
 .debug_aranges
                0x00000000000000b0       0x40 build/stm32f4xx_hal_msp.o
 .debug_aranges
                0x00000000000000f0      0x2a0 build/stm32f4xx_hal_i2c.o
 .debug_aranges
                0x0000000000000390       0x88 build/stm32f4xx_hal_rcc.o
 .debug_aranges
                0x0000000000000418       0x58 build/stm32f4xx_hal_gpio.o
 .debug_aranges
                0x0000000000000470       0xa8 build/stm32f4xx_hal_cortex.o
 .debug_aranges
                0x0000000000000518       0xf0 build/stm32f4xx_hal.o
 .debug_aranges
                0x0000000000000608      0x1d0 build/stm32f4xx_hal_uart.o
 .debug_aranges
                0x00000000000007d8       0x28 build/system_stm32f4xx.o
 .debug_aranges
                0x0000000000000800       0x28 build/startup_stm32f401xe.o

.debug_ranges   0x0000000000000000      0x810
 .debug_ranges  0x0000000000000000       0x40 build/main.o
 .debug_ranges  0x0000000000000040       0x50 build/stm32f4xx_it.o
 .debug_ranges  0x0000000000000090       0x30 build/stm32f4xx_hal_msp.o
 .debug_ranges  0x00000000000000c0      0x2a8 build/stm32f4xx_hal_i2c.o
 .debug_ranges  0x0000000000000368       0x90 build/stm32f4xx_hal_rcc.o
 .debug_ranges  0x00000000000003f8       0x48 build/stm32f4xx_hal_gpio.o
 .debug_ranges  0x0000000000000440       0xf8 build/stm32f4xx_hal_cortex.o
 .debug_ranges  0x0000000000000538       0xe0 build/stm32f4xx_hal.o
 .debug_ranges  0x0000000000000618      0x1c0 build/stm32f4xx_hal_uart.o
 .debug_ranges  0x00000000000007d8       0x18 build/system_stm32f4xx.o
 .debug_ranges  0x00000000000007f0       0x20 build/startup_stm32f401xe.o

.debug_line     0x0000000000000000     0x9e56
 .debug_line    0x0000000000000000      0x654 build/main.o
 .debug_line    0x0000000000000654      0x2c0 build/stm32f4xx_it.o
 .debug_line    0x0000000000000914      0x3c5 build/stm32f4xx_hal_msp.o
 .debug_line    0x0000000000000cd9     0x5179 build/stm32f4xx_hal_i2c.o
 .debug_line    0x0000000000005e52      0xb70 build/stm32f4xx_hal_rcc.o
 .debug_line    0x00000000000069c2      0x743 build/stm32f4xx_hal_gpio.o
 .debug_line    0x0000000000007105      0x7da build/stm32f4xx_hal_cortex.o
 .debug_line    0x00000000000078df      0x59d build/stm32f4xx_hal.o
 .debug_line    0x0000000000007e7c     0x1ca1 build/stm32f4xx_hal_uart.o
 .debug_line    0x0000000000009b1d      0x2c6 build/system_stm32f4xx.o
 .debug_line    0x0000000000009de3       0x73 build/startup_stm32f401xe.o

.debug_str      0x0000000000000000     0x2d4f
 .debug_str     0x0000000000000000     0x1012 build/main.o
                                       0x1105 (size before relaxing)
 .debug_str     0x0000000000001012       0xb4 build/stm32f4xx_it.o
                                        0x344 (size before relaxing)
 .debug_str     0x00000000000010c6       0xa7 build/stm32f4xx_hal_msp.o
                                        0xb48 (size before relaxing)
 .debug_str     0x000000000000116d      0x918 build/stm32f4xx_hal_i2c.o
                                       0x1114 (size before relaxing)
 .debug_str     0x0000000000001a85      0x1c0 build/stm32f4xx_hal_rcc.o
                                        0x7bf (size before relaxing)
 .debug_str     0x0000000000001c45      0x112 build/stm32f4xx_hal_gpio.o
                                        0x5e1 (size before relaxing)
 .debug_str     0x0000000000001d57      0x876 build/stm32f4xx_hal_cortex.o
                                        0xba7 (size before relaxing)
 .debug_str     0x00000000000025cd      0x21f build/stm32f4xx_hal.o
                                        0xa7a (size before relaxing)
 .debug_str     0x00000000000027ec      0x4f8 build/stm32f4xx_hal_uart.o
                                        0xd10 (size before relaxing)
 .debug_str     0x0000000000002ce4       0x47 build/system_stm32f4xx.o
                                        0x44a (size before relaxing)
 .debug_str     0x0000000000002d2b       0x24 build/startup_stm32f401xe.o
                                         0x6b (size before relaxing)

.comment        0x0000000000000000       0x66
 .comment       0x0000000000000000       0x66 build/main.o
                                         0x67 (size before relaxing)
 .comment       0x0000000000000066       0x67 build/stm32f4xx_it.o
 .comment       0x0000000000000066       0x67 build/stm32f4xx_hal_msp.o
 .comment       0x0000000000000066       0x67 build/stm32f4xx_hal_i2c.o
 .comment       0x0000000000000066       0x67 build/stm32f4xx_hal_rcc.o
 .comment       0x0000000000000066       0x67 build/stm32f4xx_hal_gpio.o
 .comment       0x0000000000000066       0x67 build/stm32f4xx_hal_cortex.o
 .comment       0x0000000000000066       0x67 build/stm32f4xx_hal.o
 .comment       0x0000000000000066       0x67 build/stm32f4xx_hal_uart.o
 .comment       0x0000000000000066       0x67 build/system_stm32f4xx.o

.debug_frame    0x0000000000000000     0x1958
 .debug_frame   0x0000000000000000       0xe4 build/main.o
 .debug_frame   0x00000000000000e4       0xac build/stm32f4xx_it.o
 .debug_frame   0x0000000000000190       0xac build/stm32f4xx_hal_msp.o
 .debug_frame   0x000000000000023c      0xabc build/stm32f4xx_hal_i2c.o
 .debug_frame   0x0000000000000cf8      0x1ac build/stm32f4xx_hal_rcc.o
 .debug_frame   0x0000000000000ea4       0xf0 build/stm32f4xx_hal_gpio.o
 .debug_frame   0x0000000000000f94      0x16c build/stm32f4xx_hal_cortex.o
 .debug_frame   0x0000000000001100      0x200 build/stm32f4xx_hal.o
 .debug_frame   0x0000000000001300      0x57c build/stm32f4xx_hal_uart.o
 .debug_frame   0x000000000000187c       0x30 build/system_stm32f4xx.o
 .debug_frame   0x00000000000018ac       0x2c c:/users/quent_000/.vscode/extensions/buzzyelectronics.stm-helper-1.2.9/armgcc/bin/../lib/gcc/arm-none-eabi/9.2.1/../../../../arm-none-eabi/lib/thumb/v7e-m+fp/hard\libc_nano.a(lib_a-init.o)
 .debug_frame   0x00000000000018d8       0x20 c:/users/quent_000/.vscode/extensions/buzzyelectronics.stm-helper-1.2.9/armgcc/bin/../lib/gcc/arm-none-eabi/9.2.1/../../../../arm-none-eabi/lib/thumb/v7e-m+fp/hard\libc_nano.a(lib_a-memset.o)
 .debug_frame   0x00000000000018f8       0x2c c:/users/quent_000/.vscode/extensions/buzzyelectronics.stm-helper-1.2.9/armgcc/bin/../lib/gcc/arm-none-eabi/9.2.1/thumb/v7e-m+fp/hard\libgcc.a(_aeabi_uldivmod.o)
 .debug_frame   0x0000000000001924       0x34 c:/users/quent_000/.vscode/extensions/buzzyelectronics.stm-helper-1.2.9/armgcc/bin/../lib/gcc/arm-none-eabi/9.2.1/thumb/v7e-m+fp/hard\libgcc.a(_udivmoddi4.o)

Cross Reference Table

Symbol                                            File
ADC_IRQHandler                                    build/startup_stm32f401xe.o
AHBPrescTable                                     build/system_stm32f4xx.o
                                                  build/stm32f4xx_hal_rcc.o
APBPrescTable                                     build/system_stm32f4xx.o
                                                  build/stm32f4xx_hal_rcc.o
BusFault_Handler                                  build/stm32f4xx_it.o
DMA1_Stream0_IRQHandler                           build/startup_stm32f401xe.o
DMA1_Stream1_IRQHandler                           build/startup_stm32f401xe.o
DMA1_Stream2_IRQHandler                           build/startup_stm32f401xe.o
DMA1_Stream3_IRQHandler                           build/startup_stm32f401xe.o
DMA1_Stream4_IRQHandler                           build/startup_stm32f401xe.o
DMA1_Stream5_IRQHandler                           build/startup_stm32f401xe.o
DMA1_Stream6_IRQHandler                           build/startup_stm32f401xe.o
DMA1_Stream7_IRQHandler                           build/startup_stm32f401xe.o
DMA2_Stream0_IRQHandler                           build/startup_stm32f401xe.o
DMA2_Stream1_IRQHandler                           build/startup_stm32f401xe.o
DMA2_Stream2_IRQHandler                           build/startup_stm32f401xe.o
DMA2_Stream3_IRQHandler                           build/startup_stm32f401xe.o
DMA2_Stream4_IRQHandler                           build/startup_stm32f401xe.o
DMA2_Stream5_IRQHandler                           build/startup_stm32f401xe.o
DMA2_Stream6_IRQHandler                           build/startup_stm32f401xe.o
DMA2_Stream7_IRQHandler                           build/startup_stm32f401xe.o
DebugMon_Handler                                  build/stm32f4xx_it.o
Default_Handler                                   build/startup_stm32f401xe.o
EXTI0_IRQHandler                                  build/startup_stm32f401xe.o
EXTI15_10_IRQHandler                              build/startup_stm32f401xe.o
EXTI1_IRQHandler                                  build/startup_stm32f401xe.o
EXTI2_IRQHandler                                  build/startup_stm32f401xe.o
EXTI3_IRQHandler                                  build/startup_stm32f401xe.o
EXTI4_IRQHandler                                  build/startup_stm32f401xe.o
EXTI9_5_IRQHandler                                build/startup_stm32f401xe.o
Error_Handler                                     build/main.o
FLASH_Erase_Sector                                build/stm32f4xx_hal_flash_ex.o
                                                  build/stm32f4xx_hal_flash.o
FLASH_FlushCaches                                 build/stm32f4xx_hal_flash_ex.o
                                                  build/stm32f4xx_hal_flash.o
FLASH_IRQHandler                                  build/startup_stm32f401xe.o
FLASH_WaitForLastOperation                        build/stm32f4xx_hal_flash.o
                                                  build/stm32f4xx_hal_flash_ex.o
FPU_IRQHandler                                    build/startup_stm32f401xe.o
HAL_DBGMCU_DisableDBGSleepMode                    build/stm32f4xx_hal.o
HAL_DBGMCU_DisableDBGStandbyMode                  build/stm32f4xx_hal.o
HAL_DBGMCU_DisableDBGStopMode                     build/stm32f4xx_hal.o
HAL_DBGMCU_EnableDBGSleepMode                     build/stm32f4xx_hal.o
HAL_DBGMCU_EnableDBGStandbyMode                   build/stm32f4xx_hal.o
HAL_DBGMCU_EnableDBGStopMode                      build/stm32f4xx_hal.o
HAL_DMAEx_ChangeMemory                            build/stm32f4xx_hal_dma_ex.o
HAL_DMAEx_MultiBufferStart                        build/stm32f4xx_hal_dma_ex.o
HAL_DMAEx_MultiBufferStart_IT                     build/stm32f4xx_hal_dma_ex.o
HAL_DMA_Abort                                     build/stm32f4xx_hal_dma.o
                                                  build/stm32f4xx_hal_uart.o
HAL_DMA_Abort_IT                                  build/stm32f4xx_hal_dma.o
                                                  build/stm32f4xx_hal_uart.o
                                                  build/stm32f4xx_hal_i2c.o
HAL_DMA_DeInit                                    build/stm32f4xx_hal_dma.o
HAL_DMA_GetError                                  build/stm32f4xx_hal_dma.o
                                                  build/stm32f4xx_hal_uart.o
                                                  build/stm32f4xx_hal_i2c.o
HAL_DMA_GetState                                  build/stm32f4xx_hal_dma.o
                                                  build/stm32f4xx_hal_i2c.o
HAL_DMA_IRQHandler                                build/stm32f4xx_hal_dma.o
HAL_DMA_Init                                      build/stm32f4xx_hal_dma.o
HAL_DMA_PollForTransfer                           build/stm32f4xx_hal_dma.o
HAL_DMA_RegisterCallback                          build/stm32f4xx_hal_dma.o
HAL_DMA_Start                                     build/stm32f4xx_hal_dma.o
HAL_DMA_Start_IT                                  build/stm32f4xx_hal_dma.o
                                                  build/stm32f4xx_hal_uart.o
                                                  build/stm32f4xx_hal_i2c.o
HAL_DMA_UnRegisterCallback                        build/stm32f4xx_hal_dma.o
HAL_DeInit                                        build/stm32f4xx_hal.o
HAL_Delay                                         build/stm32f4xx_hal.o
                                                  build/main.o
HAL_DisableCompensationCell                       build/stm32f4xx_hal.o
HAL_EXTI_ClearConfigLine                          build/stm32f4xx_hal_exti.o
HAL_EXTI_ClearPending                             build/stm32f4xx_hal_exti.o
HAL_EXTI_GenerateSWI                              build/stm32f4xx_hal_exti.o
HAL_EXTI_GetConfigLine                            build/stm32f4xx_hal_exti.o
HAL_EXTI_GetHandle                                build/stm32f4xx_hal_exti.o
HAL_EXTI_GetPending                               build/stm32f4xx_hal_exti.o
HAL_EXTI_IRQHandler                               build/stm32f4xx_hal_exti.o
HAL_EXTI_RegisterCallback                         build/stm32f4xx_hal_exti.o
HAL_EXTI_SetConfigLine                            build/stm32f4xx_hal_exti.o
HAL_EnableCompensationCell                        build/stm32f4xx_hal.o
HAL_FLASHEx_AdvOBGetConfig                        build/stm32f4xx_hal_flash_ex.o
HAL_FLASHEx_AdvOBProgram                          build/stm32f4xx_hal_flash_ex.o
HAL_FLASHEx_Erase                                 build/stm32f4xx_hal_flash_ex.o
HAL_FLASHEx_Erase_IT                              build/stm32f4xx_hal_flash_ex.o
HAL_FLASHEx_OBGetConfig                           build/stm32f4xx_hal_flash_ex.o
HAL_FLASHEx_OBProgram                             build/stm32f4xx_hal_flash_ex.o
HAL_FLASHEx_OB_DeSelectPCROP                      build/stm32f4xx_hal_flash_ex.o
HAL_FLASHEx_OB_SelectPCROP                        build/stm32f4xx_hal_flash_ex.o
HAL_FLASH_EndOfOperationCallback                  build/stm32f4xx_hal_flash.o
HAL_FLASH_GetError                                build/stm32f4xx_hal_flash.o
HAL_FLASH_IRQHandler                              build/stm32f4xx_hal_flash.o
HAL_FLASH_Lock                                    build/stm32f4xx_hal_flash.o
HAL_FLASH_OB_Launch                               build/stm32f4xx_hal_flash.o
HAL_FLASH_OB_Lock                                 build/stm32f4xx_hal_flash.o
HAL_FLASH_OB_Unlock                               build/stm32f4xx_hal_flash.o
HAL_FLASH_OperationErrorCallback                  build/stm32f4xx_hal_flash.o
HAL_FLASH_Program                                 build/stm32f4xx_hal_flash.o
HAL_FLASH_Program_IT                              build/stm32f4xx_hal_flash.o
HAL_FLASH_Unlock                                  build/stm32f4xx_hal_flash.o
HAL_GPIO_DeInit                                   build/stm32f4xx_hal_gpio.o
                                                  build/stm32f4xx_hal_msp.o
HAL_GPIO_EXTI_Callback                            build/stm32f4xx_hal_gpio.o
HAL_GPIO_EXTI_IRQHandler                          build/stm32f4xx_hal_gpio.o
HAL_GPIO_Init                                     build/stm32f4xx_hal_gpio.o
                                                  build/stm32f4xx_hal_rcc.o
                                                  build/stm32f4xx_hal_msp.o
                                                  build/main.o
HAL_GPIO_LockPin                                  build/stm32f4xx_hal_gpio.o
HAL_GPIO_ReadPin                                  build/stm32f4xx_hal_gpio.o
HAL_GPIO_TogglePin                                build/stm32f4xx_hal_gpio.o
                                                  build/main.o
HAL_GPIO_WritePin                                 build/stm32f4xx_hal_gpio.o
                                                  build/main.o
HAL_GetDEVID                                      build/stm32f4xx_hal.o
HAL_GetHalVersion                                 build/stm32f4xx_hal.o
HAL_GetREVID                                      build/stm32f4xx_hal.o
HAL_GetTick                                       build/stm32f4xx_hal.o
                                                  build/stm32f4xx_hal_uart.o
                                                  build/stm32f4xx_hal_pwr_ex.o
                                                  build/stm32f4xx_hal_dma.o
                                                  build/stm32f4xx_hal_flash.o
                                                  build/stm32f4xx_hal_rcc_ex.o
                                                  build/stm32f4xx_hal_rcc.o
                                                  build/stm32f4xx_hal_i2c.o
HAL_GetTickFreq                                   build/stm32f4xx_hal.o
HAL_GetTickPrio                                   build/stm32f4xx_hal.o
HAL_GetUIDw0                                      build/stm32f4xx_hal.o
HAL_GetUIDw1                                      build/stm32f4xx_hal.o
HAL_GetUIDw2                                      build/stm32f4xx_hal.o
HAL_HalfDuplex_EnableReceiver                     build/stm32f4xx_hal_uart.o
HAL_HalfDuplex_EnableTransmitter                  build/stm32f4xx_hal_uart.o
HAL_HalfDuplex_Init                               build/stm32f4xx_hal_uart.o
HAL_I2CEx_ConfigAnalogFilter                      build/stm32f4xx_hal_i2c_ex.o
HAL_I2CEx_ConfigDigitalFilter                     build/stm32f4xx_hal_i2c_ex.o
HAL_I2C_AbortCpltCallback                         build/stm32f4xx_hal_i2c.o
HAL_I2C_AddrCallback                              build/stm32f4xx_hal_i2c.o
HAL_I2C_DeInit                                    build/stm32f4xx_hal_i2c.o
HAL_I2C_DisableListen_IT                          build/stm32f4xx_hal_i2c.o
HAL_I2C_ER_IRQHandler                             build/stm32f4xx_hal_i2c.o
HAL_I2C_EV_IRQHandler                             build/stm32f4xx_hal_i2c.o
HAL_I2C_EnableListen_IT                           build/stm32f4xx_hal_i2c.o
HAL_I2C_ErrorCallback                             build/stm32f4xx_hal_i2c.o
HAL_I2C_GetError                                  build/stm32f4xx_hal_i2c.o
HAL_I2C_GetMode                                   build/stm32f4xx_hal_i2c.o
HAL_I2C_GetState                                  build/stm32f4xx_hal_i2c.o
HAL_I2C_Init                                      build/stm32f4xx_hal_i2c.o
                                                  build/main.o
HAL_I2C_IsDeviceReady                             build/stm32f4xx_hal_i2c.o
HAL_I2C_ListenCpltCallback                        build/stm32f4xx_hal_i2c.o
HAL_I2C_MasterRxCpltCallback                      build/stm32f4xx_hal_i2c.o
HAL_I2C_MasterTxCpltCallback                      build/stm32f4xx_hal_i2c.o
HAL_I2C_Master_Abort_IT                           build/stm32f4xx_hal_i2c.o
HAL_I2C_Master_Receive                            build/stm32f4xx_hal_i2c.o
HAL_I2C_Master_Receive_DMA                        build/stm32f4xx_hal_i2c.o
HAL_I2C_Master_Receive_IT                         build/stm32f4xx_hal_i2c.o
HAL_I2C_Master_Seq_Receive_DMA                    build/stm32f4xx_hal_i2c.o
HAL_I2C_Master_Seq_Receive_IT                     build/stm32f4xx_hal_i2c.o
HAL_I2C_Master_Seq_Transmit_DMA                   build/stm32f4xx_hal_i2c.o
HAL_I2C_Master_Seq_Transmit_IT                    build/stm32f4xx_hal_i2c.o
HAL_I2C_Master_Transmit                           build/stm32f4xx_hal_i2c.o
HAL_I2C_Master_Transmit_DMA                       build/stm32f4xx_hal_i2c.o
HAL_I2C_Master_Transmit_IT                        build/stm32f4xx_hal_i2c.o
HAL_I2C_MemRxCpltCallback                         build/stm32f4xx_hal_i2c.o
HAL_I2C_MemTxCpltCallback                         build/stm32f4xx_hal_i2c.o
HAL_I2C_Mem_Read                                  build/stm32f4xx_hal_i2c.o
HAL_I2C_Mem_Read_DMA                              build/stm32f4xx_hal_i2c.o
HAL_I2C_Mem_Read_IT                               build/stm32f4xx_hal_i2c.o
HAL_I2C_Mem_Write                                 build/stm32f4xx_hal_i2c.o
HAL_I2C_Mem_Write_DMA                             build/stm32f4xx_hal_i2c.o
HAL_I2C_Mem_Write_IT                              build/stm32f4xx_hal_i2c.o
HAL_I2C_MspDeInit                                 build/stm32f4xx_hal_msp.o
HAL_I2C_MspInit                                   build/stm32f4xx_hal_msp.o
HAL_I2C_SlaveRxCpltCallback                       build/stm32f4xx_hal_i2c.o
HAL_I2C_SlaveTxCpltCallback                       build/stm32f4xx_hal_i2c.o
HAL_I2C_Slave_Receive                             build/stm32f4xx_hal_i2c.o
HAL_I2C_Slave_Receive_DMA                         build/stm32f4xx_hal_i2c.o
HAL_I2C_Slave_Receive_IT                          build/stm32f4xx_hal_i2c.o
HAL_I2C_Slave_Seq_Receive_DMA                     build/stm32f4xx_hal_i2c.o
HAL_I2C_Slave_Seq_Receive_IT                      build/stm32f4xx_hal_i2c.o
HAL_I2C_Slave_Seq_Transmit_DMA                    build/stm32f4xx_hal_i2c.o
HAL_I2C_Slave_Seq_Transmit_IT                     build/stm32f4xx_hal_i2c.o
HAL_I2C_Slave_Transmit                            build/stm32f4xx_hal_i2c.o
HAL_I2C_Slave_Transmit_DMA                        build/stm32f4xx_hal_i2c.o
HAL_I2C_Slave_Transmit_IT                         build/stm32f4xx_hal_i2c.o
HAL_IncTick                                       build/stm32f4xx_hal.o
                                                  build/stm32f4xx_it.o
HAL_Init                                          build/stm32f4xx_hal.o
                                                  build/main.o
HAL_InitTick                                      build/stm32f4xx_hal.o
                                                  build/stm32f4xx_hal_rcc_ex.o
                                                  build/stm32f4xx_hal_rcc.o
HAL_LIN_Init                                      build/stm32f4xx_hal_uart.o
HAL_LIN_SendBreak                                 build/stm32f4xx_hal_uart.o
HAL_MPU_ConfigRegion                              build/stm32f4xx_hal_cortex.o
HAL_MPU_Disable                                   build/stm32f4xx_hal_cortex.o
HAL_MPU_Enable                                    build/stm32f4xx_hal_cortex.o
HAL_MspDeInit                                     build/stm32f4xx_hal.o
HAL_MspInit                                       build/stm32f4xx_hal_msp.o
HAL_MultiProcessor_EnterMuteMode                  build/stm32f4xx_hal_uart.o
HAL_MultiProcessor_ExitMuteMode                   build/stm32f4xx_hal_uart.o
HAL_MultiProcessor_Init                           build/stm32f4xx_hal_uart.o
HAL_NVIC_ClearPendingIRQ                          build/stm32f4xx_hal_cortex.o
HAL_NVIC_DisableIRQ                               build/stm32f4xx_hal_cortex.o
HAL_NVIC_EnableIRQ                                build/stm32f4xx_hal_cortex.o
HAL_NVIC_GetActive                                build/stm32f4xx_hal_cortex.o
HAL_NVIC_GetPendingIRQ                            build/stm32f4xx_hal_cortex.o
HAL_NVIC_GetPriority                              build/stm32f4xx_hal_cortex.o
HAL_NVIC_GetPriorityGrouping                      build/stm32f4xx_hal_cortex.o
HAL_NVIC_SetPendingIRQ                            build/stm32f4xx_hal_cortex.o
HAL_NVIC_SetPriority                              build/stm32f4xx_hal_cortex.o
                                                  build/stm32f4xx_hal.o
HAL_NVIC_SetPriorityGrouping                      build/stm32f4xx_hal_cortex.o
                                                  build/stm32f4xx_hal.o
                                                  build/stm32f4xx_hal_msp.o
HAL_NVIC_SystemReset                              build/stm32f4xx_hal_cortex.o
HAL_PWREx_ControlVoltageScaling                   build/stm32f4xx_hal_pwr_ex.o
HAL_PWREx_DisableBkUpReg                          build/stm32f4xx_hal_pwr_ex.o
HAL_PWREx_DisableFlashPowerDown                   build/stm32f4xx_hal_pwr_ex.o
HAL_PWREx_DisableLowRegulatorLowVoltage           build/stm32f4xx_hal_pwr_ex.o
HAL_PWREx_DisableMainRegulatorLowVoltage          build/stm32f4xx_hal_pwr_ex.o
HAL_PWREx_EnableBkUpReg                           build/stm32f4xx_hal_pwr_ex.o
HAL_PWREx_EnableFlashPowerDown                    build/stm32f4xx_hal_pwr_ex.o
HAL_PWREx_EnableLowRegulatorLowVoltage            build/stm32f4xx_hal_pwr_ex.o
HAL_PWREx_EnableMainRegulatorLowVoltage           build/stm32f4xx_hal_pwr_ex.o
HAL_PWREx_GetVoltageRange                         build/stm32f4xx_hal_pwr_ex.o
HAL_PWR_ConfigPVD                                 build/stm32f4xx_hal_pwr.o
HAL_PWR_DeInit                                    build/stm32f4xx_hal_pwr.o
HAL_PWR_DisableBkUpAccess                         build/stm32f4xx_hal_pwr.o
HAL_PWR_DisablePVD                                build/stm32f4xx_hal_pwr.o
HAL_PWR_DisableSEVOnPend                          build/stm32f4xx_hal_pwr.o
HAL_PWR_DisableSleepOnExit                        build/stm32f4xx_hal_pwr.o
HAL_PWR_DisableWakeUpPin                          build/stm32f4xx_hal_pwr.o
HAL_PWR_EnableBkUpAccess                          build/stm32f4xx_hal_pwr.o
HAL_PWR_EnablePVD                                 build/stm32f4xx_hal_pwr.o
HAL_PWR_EnableSEVOnPend                           build/stm32f4xx_hal_pwr.o
HAL_PWR_EnableSleepOnExit                         build/stm32f4xx_hal_pwr.o
HAL_PWR_EnableWakeUpPin                           build/stm32f4xx_hal_pwr.o
HAL_PWR_EnterSLEEPMode                            build/stm32f4xx_hal_pwr.o
HAL_PWR_EnterSTANDBYMode                          build/stm32f4xx_hal_pwr.o
HAL_PWR_EnterSTOPMode                             build/stm32f4xx_hal_pwr.o
HAL_PWR_PVDCallback                               build/stm32f4xx_hal_pwr.o
HAL_PWR_PVD_IRQHandler                            build/stm32f4xx_hal_pwr.o
HAL_RCCEx_DisablePLLI2S                           build/stm32f4xx_hal_rcc_ex.o
HAL_RCCEx_EnablePLLI2S                            build/stm32f4xx_hal_rcc_ex.o
HAL_RCCEx_GetPeriphCLKConfig                      build/stm32f4xx_hal_rcc_ex.o
HAL_RCCEx_GetPeriphCLKFreq                        build/stm32f4xx_hal_rcc_ex.o
HAL_RCCEx_PeriphCLKConfig                         build/stm32f4xx_hal_rcc_ex.o
HAL_RCC_CSSCallback                               build/stm32f4xx_hal_rcc.o
HAL_RCC_ClockConfig                               build/stm32f4xx_hal_rcc.o
                                                  build/main.o
HAL_RCC_DeInit                                    build/stm32f4xx_hal_rcc_ex.o
                                                  build/stm32f4xx_hal_rcc.o
HAL_RCC_DisableCSS                                build/stm32f4xx_hal_rcc.o
HAL_RCC_EnableCSS                                 build/stm32f4xx_hal_rcc.o
HAL_RCC_GetClockConfig                            build/stm32f4xx_hal_rcc.o
HAL_RCC_GetHCLKFreq                               build/stm32f4xx_hal_rcc.o
HAL_RCC_GetOscConfig                              build/stm32f4xx_hal_rcc.o
HAL_RCC_GetPCLK1Freq                              build/stm32f4xx_hal_rcc.o
                                                  build/stm32f4xx_hal_uart.o
                                                  build/stm32f4xx_hal_i2c.o
HAL_RCC_GetPCLK2Freq                              build/stm32f4xx_hal_rcc.o
                                                  build/stm32f4xx_hal_uart.o
HAL_RCC_GetSysClockFreq                           build/stm32f4xx_hal_rcc.o
HAL_RCC_MCOConfig                                 build/stm32f4xx_hal_rcc.o
HAL_RCC_NMI_IRQHandler                            build/stm32f4xx_hal_rcc.o
HAL_RCC_OscConfig                                 build/stm32f4xx_hal_rcc.o
                                                  build/main.o
HAL_ResumeTick                                    build/stm32f4xx_hal.o
HAL_SYSTICK_CLKSourceConfig                       build/stm32f4xx_hal_cortex.o
HAL_SYSTICK_Callback                              build/stm32f4xx_hal_cortex.o
HAL_SYSTICK_Config                                build/stm32f4xx_hal_cortex.o
                                                  build/stm32f4xx_hal.o
HAL_SYSTICK_IRQHandler                            build/stm32f4xx_hal_cortex.o
HAL_SetTickFreq                                   build/stm32f4xx_hal.o
HAL_SuspendTick                                   build/stm32f4xx_hal.o
HAL_UART_Abort                                    build/stm32f4xx_hal_uart.o
HAL_UART_AbortCpltCallback                        build/stm32f4xx_hal_uart.o
HAL_UART_AbortReceive                             build/stm32f4xx_hal_uart.o
HAL_UART_AbortReceiveCpltCallback                 build/stm32f4xx_hal_uart.o
HAL_UART_AbortReceive_IT                          build/stm32f4xx_hal_uart.o
HAL_UART_AbortTransmit                            build/stm32f4xx_hal_uart.o
HAL_UART_AbortTransmitCpltCallback                build/stm32f4xx_hal_uart.o
HAL_UART_AbortTransmit_IT                         build/stm32f4xx_hal_uart.o
HAL_UART_Abort_IT                                 build/stm32f4xx_hal_uart.o
HAL_UART_DMAPause                                 build/stm32f4xx_hal_uart.o
HAL_UART_DMAResume                                build/stm32f4xx_hal_uart.o
HAL_UART_DMAStop                                  build/stm32f4xx_hal_uart.o
HAL_UART_DeInit                                   build/stm32f4xx_hal_uart.o
HAL_UART_ErrorCallback                            build/stm32f4xx_hal_uart.o
HAL_UART_GetError                                 build/stm32f4xx_hal_uart.o
HAL_UART_GetState                                 build/stm32f4xx_hal_uart.o
HAL_UART_IRQHandler                               build/stm32f4xx_hal_uart.o
HAL_UART_Init                                     build/stm32f4xx_hal_uart.o
                                                  build/main.o
HAL_UART_MspDeInit                                build/stm32f4xx_hal_msp.o
HAL_UART_MspInit                                  build/stm32f4xx_hal_msp.o
HAL_UART_Receive                                  build/stm32f4xx_hal_uart.o
HAL_UART_Receive_DMA                              build/stm32f4xx_hal_uart.o
HAL_UART_Receive_IT                               build/stm32f4xx_hal_uart.o
HAL_UART_RxCpltCallback                           build/stm32f4xx_hal_uart.o
HAL_UART_RxHalfCpltCallback                       build/stm32f4xx_hal_uart.o
HAL_UART_Transmit                                 build/stm32f4xx_hal_uart.o
                                                  build/main.o
HAL_UART_Transmit_DMA                             build/stm32f4xx_hal_uart.o
HAL_UART_Transmit_IT                              build/stm32f4xx_hal_uart.o
HAL_UART_TxCpltCallback                           build/stm32f4xx_hal_uart.o
HAL_UART_TxHalfCpltCallback                       build/stm32f4xx_hal_uart.o
HardFault_Handler                                 build/stm32f4xx_it.o
I2C1_ER_IRQHandler                                build/startup_stm32f401xe.o
I2C1_EV_IRQHandler                                build/startup_stm32f401xe.o
I2C2_ER_IRQHandler                                build/startup_stm32f401xe.o
I2C2_EV_IRQHandler                                build/startup_stm32f401xe.o
I2C3_ER_IRQHandler                                build/startup_stm32f401xe.o
I2C3_EV_IRQHandler                                build/startup_stm32f401xe.o
MemManage_Handler                                 build/stm32f4xx_it.o
NMI_Handler                                       build/stm32f4xx_it.o
OTG_FS_IRQHandler                                 build/startup_stm32f401xe.o
OTG_FS_WKUP_IRQHandler                            build/startup_stm32f401xe.o
PVD_IRQHandler                                    build/startup_stm32f401xe.o
PendSV_Handler                                    build/stm32f4xx_it.o
RCC_IRQHandler                                    build/startup_stm32f401xe.o
RTC_Alarm_IRQHandler                              build/startup_stm32f401xe.o
RTC_WKUP_IRQHandler                               build/startup_stm32f401xe.o
Reset_Handler                                     build/startup_stm32f401xe.o
SDIO_IRQHandler                                   build/startup_stm32f401xe.o
SPI1_IRQHandler                                   build/startup_stm32f401xe.o
SPI2_IRQHandler                                   build/startup_stm32f401xe.o
SPI3_IRQHandler                                   build/startup_stm32f401xe.o
SPI4_IRQHandler                                   build/startup_stm32f401xe.o
SVC_Handler                                       build/stm32f4xx_it.o
SysTick_Handler                                   build/stm32f4xx_it.o
SystemClock_Config                                build/main.o
SystemCoreClock                                   build/system_stm32f4xx.o
                                                  build/stm32f4xx_hal.o
                                                  build/stm32f4xx_hal_dma.o
                                                  build/stm32f4xx_hal_rcc_ex.o
                                                  build/stm32f4xx_hal_rcc.o
                                                  build/stm32f4xx_hal_i2c.o
SystemCoreClockUpdate                             build/system_stm32f4xx.o
SystemInit                                        build/system_stm32f4xx.o
                                                  build/startup_stm32f401xe.o
TAMP_STAMP_IRQHandler                             build/startup_stm32f401xe.o
TIM1_BRK_TIM9_IRQHandler                          build/startup_stm32f401xe.o
TIM1_CC_IRQHandler                                build/startup_stm32f401xe.o
TIM1_TRG_COM_TIM11_IRQHandler                     build/startup_stm32f401xe.o
TIM1_UP_TIM10_IRQHandler                          build/startup_stm32f401xe.o
TIM2_IRQHandler                                   build/startup_stm32f401xe.o
TIM3_IRQHandler                                   build/startup_stm32f401xe.o
TIM4_IRQHandler                                   build/startup_stm32f401xe.o
TIM5_IRQHandler                                   build/startup_stm32f401xe.o
USART1_IRQHandler                                 build/startup_stm32f401xe.o
USART2_IRQHandler                                 build/startup_stm32f401xe.o
USART6_IRQHandler                                 build/startup_stm32f401xe.o
UsageFault_Handler                                build/stm32f4xx_it.o
WWDG_IRQHandler                                   build/startup_stm32f401xe.o
__aeabi_idiv0                                     c:/users/quent_000/.vscode/extensions/buzzyelectronics.stm-helper-1.2.9/armgcc/bin/../lib/gcc/arm-none-eabi/9.2.1/thumb/v7e-m+fp/hard\libgcc.a(_dvmd_tls.o)
__aeabi_ldiv0                                     c:/users/quent_000/.vscode/extensions/buzzyelectronics.stm-helper-1.2.9/armgcc/bin/../lib/gcc/arm-none-eabi/9.2.1/thumb/v7e-m+fp/hard\libgcc.a(_dvmd_tls.o)
                                                  c:/users/quent_000/.vscode/extensions/buzzyelectronics.stm-helper-1.2.9/armgcc/bin/../lib/gcc/arm-none-eabi/9.2.1/thumb/v7e-m+fp/hard\libgcc.a(_aeabi_uldivmod.o)
__aeabi_uldivmod                                  c:/users/quent_000/.vscode/extensions/buzzyelectronics.stm-helper-1.2.9/armgcc/bin/../lib/gcc/arm-none-eabi/9.2.1/thumb/v7e-m+fp/hard\libgcc.a(_aeabi_uldivmod.o)
                                                  build/stm32f4xx_hal_uart.o
                                                  build/stm32f4xx_hal_rcc.o
__bss_end__                                       c:/users/quent_000/.vscode/extensions/buzzyelectronics.stm-helper-1.2.9/armgcc/bin/../lib/gcc/arm-none-eabi/9.2.1/../../../../arm-none-eabi/lib/thumb/v7e-m+fp/hard/crt0.o
__bss_start__                                     c:/users/quent_000/.vscode/extensions/buzzyelectronics.stm-helper-1.2.9/armgcc/bin/../lib/gcc/arm-none-eabi/9.2.1/../../../../arm-none-eabi/lib/thumb/v7e-m+fp/hard/crt0.o
__call_exitprocs                                  c:/users/quent_000/.vscode/extensions/buzzyelectronics.stm-helper-1.2.9/armgcc/bin/../lib/gcc/arm-none-eabi/9.2.1/../../../../arm-none-eabi/lib/thumb/v7e-m+fp/hard\libc_nano.a(lib_a-exit.o)
__deregister_frame_info                           c:/users/quent_000/.vscode/extensions/buzzyelectronics.stm-helper-1.2.9/armgcc/bin/../lib/gcc/arm-none-eabi/9.2.1/thumb/v7e-m+fp/hard/crtbegin.o
__dso_handle                                      c:/users/quent_000/.vscode/extensions/buzzyelectronics.stm-helper-1.2.9/armgcc/bin/../lib/gcc/arm-none-eabi/9.2.1/thumb/v7e-m+fp/hard/crtbegin.o
__init_array_end                                  c:/users/quent_000/.vscode/extensions/buzzyelectronics.stm-helper-1.2.9/armgcc/bin/../lib/gcc/arm-none-eabi/9.2.1/../../../../arm-none-eabi/lib/thumb/v7e-m+fp/hard\libc_nano.a(lib_a-init.o)
__init_array_start                                c:/users/quent_000/.vscode/extensions/buzzyelectronics.stm-helper-1.2.9/armgcc/bin/../lib/gcc/arm-none-eabi/9.2.1/../../../../arm-none-eabi/lib/thumb/v7e-m+fp/hard\libc_nano.a(lib_a-init.o)
__libc_fini_array                                 c:/users/quent_000/.vscode/extensions/buzzyelectronics.stm-helper-1.2.9/armgcc/bin/../lib/gcc/arm-none-eabi/9.2.1/../../../../arm-none-eabi/lib/thumb/v7e-m+fp/hard/crt0.o
__libc_init_array                                 c:/users/quent_000/.vscode/extensions/buzzyelectronics.stm-helper-1.2.9/armgcc/bin/../lib/gcc/arm-none-eabi/9.2.1/../../../../arm-none-eabi/lib/thumb/v7e-m+fp/hard\libc_nano.a(lib_a-init.o)
                                                  build/startup_stm32f401xe.o
                                                  c:/users/quent_000/.vscode/extensions/buzzyelectronics.stm-helper-1.2.9/armgcc/bin/../lib/gcc/arm-none-eabi/9.2.1/../../../../arm-none-eabi/lib/thumb/v7e-m+fp/hard/crt0.o
__preinit_array_end                               c:/users/quent_000/.vscode/extensions/buzzyelectronics.stm-helper-1.2.9/armgcc/bin/../lib/gcc/arm-none-eabi/9.2.1/../../../../arm-none-eabi/lib/thumb/v7e-m+fp/hard\libc_nano.a(lib_a-init.o)
__preinit_array_start                             c:/users/quent_000/.vscode/extensions/buzzyelectronics.stm-helper-1.2.9/armgcc/bin/../lib/gcc/arm-none-eabi/9.2.1/../../../../arm-none-eabi/lib/thumb/v7e-m+fp/hard\libc_nano.a(lib_a-init.o)
__register_frame_info                             c:/users/quent_000/.vscode/extensions/buzzyelectronics.stm-helper-1.2.9/armgcc/bin/../lib/gcc/arm-none-eabi/9.2.1/thumb/v7e-m+fp/hard/crtbegin.o
__sf_fake_stderr                                  c:/users/quent_000/.vscode/extensions/buzzyelectronics.stm-helper-1.2.9/armgcc/bin/../lib/gcc/arm-none-eabi/9.2.1/../../../../arm-none-eabi/lib/thumb/v7e-m+fp/hard\libc_nano.a(lib_a-impure.o)
__sf_fake_stdin                                   c:/users/quent_000/.vscode/extensions/buzzyelectronics.stm-helper-1.2.9/armgcc/bin/../lib/gcc/arm-none-eabi/9.2.1/../../../../arm-none-eabi/lib/thumb/v7e-m+fp/hard\libc_nano.a(lib_a-impure.o)
__sf_fake_stdout                                  c:/users/quent_000/.vscode/extensions/buzzyelectronics.stm-helper-1.2.9/armgcc/bin/../lib/gcc/arm-none-eabi/9.2.1/../../../../arm-none-eabi/lib/thumb/v7e-m+fp/hard\libc_nano.a(lib_a-impure.o)
__stack                                           c:/users/quent_000/.vscode/extensions/buzzyelectronics.stm-helper-1.2.9/armgcc/bin/../lib/gcc/arm-none-eabi/9.2.1/../../../../arm-none-eabi/lib/thumb/v7e-m+fp/hard/crt0.o
__udivmoddi4                                      c:/users/quent_000/.vscode/extensions/buzzyelectronics.stm-helper-1.2.9/armgcc/bin/../lib/gcc/arm-none-eabi/9.2.1/thumb/v7e-m+fp/hard\libgcc.a(_udivmoddi4.o)
                                                  c:/users/quent_000/.vscode/extensions/buzzyelectronics.stm-helper-1.2.9/armgcc/bin/../lib/gcc/arm-none-eabi/9.2.1/thumb/v7e-m+fp/hard\libgcc.a(_aeabi_uldivmod.o)
_ebss                                             build/startup_stm32f401xe.o
_edata                                            build/startup_stm32f401xe.o
_estack                                           build/startup_stm32f401xe.o
_exit                                             c:/users/quent_000/.vscode/extensions/buzzyelectronics.stm-helper-1.2.9/armgcc/bin/../lib/gcc/arm-none-eabi/9.2.1/../../../../arm-none-eabi/lib/thumb/v7e-m+fp/hard\libnosys.a(_exit.o)
                                                  c:/users/quent_000/.vscode/extensions/buzzyelectronics.stm-helper-1.2.9/armgcc/bin/../lib/gcc/arm-none-eabi/9.2.1/../../../../arm-none-eabi/lib/thumb/v7e-m+fp/hard\libc_nano.a(lib_a-exit.o)
_fini                                             c:/users/quent_000/.vscode/extensions/buzzyelectronics.stm-helper-1.2.9/armgcc/bin/../lib/gcc/arm-none-eabi/9.2.1/thumb/v7e-m+fp/hard/crti.o
_global_impure_ptr                                c:/users/quent_000/.vscode/extensions/buzzyelectronics.stm-helper-1.2.9/armgcc/bin/../lib/gcc/arm-none-eabi/9.2.1/../../../../arm-none-eabi/lib/thumb/v7e-m+fp/hard\libc_nano.a(lib_a-impure.o)
                                                  c:/users/quent_000/.vscode/extensions/buzzyelectronics.stm-helper-1.2.9/armgcc/bin/../lib/gcc/arm-none-eabi/9.2.1/../../../../arm-none-eabi/lib/thumb/v7e-m+fp/hard\libc_nano.a(lib_a-exit.o)
_impure_ptr                                       c:/users/quent_000/.vscode/extensions/buzzyelectronics.stm-helper-1.2.9/armgcc/bin/../lib/gcc/arm-none-eabi/9.2.1/../../../../arm-none-eabi/lib/thumb/v7e-m+fp/hard\libc_nano.a(lib_a-impure.o)
_init                                             c:/users/quent_000/.vscode/extensions/buzzyelectronics.stm-helper-1.2.9/armgcc/bin/../lib/gcc/arm-none-eabi/9.2.1/thumb/v7e-m+fp/hard/crti.o
                                                  c:/users/quent_000/.vscode/extensions/buzzyelectronics.stm-helper-1.2.9/armgcc/bin/../lib/gcc/arm-none-eabi/9.2.1/../../../../arm-none-eabi/lib/thumb/v7e-m+fp/hard\libc_nano.a(lib_a-init.o)
_mainCRTStartup                                   c:/users/quent_000/.vscode/extensions/buzzyelectronics.stm-helper-1.2.9/armgcc/bin/../lib/gcc/arm-none-eabi/9.2.1/../../../../arm-none-eabi/lib/thumb/v7e-m+fp/hard/crt0.o
_sbss                                             build/startup_stm32f401xe.o
_sdata                                            build/startup_stm32f401xe.o
_sidata                                           build/startup_stm32f401xe.o
_start                                            c:/users/quent_000/.vscode/extensions/buzzyelectronics.stm-helper-1.2.9/armgcc/bin/../lib/gcc/arm-none-eabi/9.2.1/../../../../arm-none-eabi/lib/thumb/v7e-m+fp/hard/crt0.o
atexit                                            c:/users/quent_000/.vscode/extensions/buzzyelectronics.stm-helper-1.2.9/armgcc/bin/../lib/gcc/arm-none-eabi/9.2.1/../../../../arm-none-eabi/lib/thumb/v7e-m+fp/hard/crt0.o
exit                                              c:/users/quent_000/.vscode/extensions/buzzyelectronics.stm-helper-1.2.9/armgcc/bin/../lib/gcc/arm-none-eabi/9.2.1/../../../../arm-none-eabi/lib/thumb/v7e-m+fp/hard\libc_nano.a(lib_a-exit.o)
                                                  c:/users/quent_000/.vscode/extensions/buzzyelectronics.stm-helper-1.2.9/armgcc/bin/../lib/gcc/arm-none-eabi/9.2.1/../../../../arm-none-eabi/lib/thumb/v7e-m+fp/hard/crt0.o
g_pfnVectors                                      build/startup_stm32f401xe.o
hardware_init_hook                                c:/users/quent_000/.vscode/extensions/buzzyelectronics.stm-helper-1.2.9/armgcc/bin/../lib/gcc/arm-none-eabi/9.2.1/../../../../arm-none-eabi/lib/thumb/v7e-m+fp/hard/crt0.o
hi2c1                                             build/main.o
huart2                                            build/main.o
main                                              build/main.o
                                                  build/startup_stm32f401xe.o
                                                  c:/users/quent_000/.vscode/extensions/buzzyelectronics.stm-helper-1.2.9/armgcc/bin/../lib/gcc/arm-none-eabi/9.2.1/../../../../arm-none-eabi/lib/thumb/v7e-m+fp/hard/crt0.o
memset                                            c:/users/quent_000/.vscode/extensions/buzzyelectronics.stm-helper-1.2.9/armgcc/bin/../lib/gcc/arm-none-eabi/9.2.1/../../../../arm-none-eabi/lib/thumb/v7e-m+fp/hard\libc_nano.a(lib_a-memset.o)
                                                  build/main.o
                                                  c:/users/quent_000/.vscode/extensions/buzzyelectronics.stm-helper-1.2.9/armgcc/bin/../lib/gcc/arm-none-eabi/9.2.1/../../../../arm-none-eabi/lib/thumb/v7e-m+fp/hard/crt0.o
pFlash                                            build/stm32f4xx_hal_flash.o
                                                  build/stm32f4xx_hal_flash_ex.o
pattern_led                                       build/main.o
software_init_hook                                c:/users/quent_000/.vscode/extensions/buzzyelectronics.stm-helper-1.2.9/armgcc/bin/../lib/gcc/arm-none-eabi/9.2.1/../../../../arm-none-eabi/lib/thumb/v7e-m+fp/hard/crt0.o
strlen                                            c:/users/quent_000/.vscode/extensions/buzzyelectronics.stm-helper-1.2.9/armgcc/bin/../lib/gcc/arm-none-eabi/9.2.1/../../../../arm-none-eabi/lib/thumb/v7e-m+fp/hard\libc_nano.a(lib_a-strlen.o)
                                                  build/main.o
uwTick                                            build/stm32f4xx_hal.o
uwTickFreq                                        build/stm32f4xx_hal.o
uwTickPrio                                        build/stm32f4xx_hal.o
                                                  build/stm32f4xx_hal_rcc_ex.o
                                                  build/stm32f4xx_hal_rcc.o
