00:58:52 **** Incremental Build of configuration Debug for project D4enlight ****
make -j4 all 
arm-none-eabi-gcc "../Src/main.c" -mcpu=cortex-m4 -std=gnu11 -g3 -DSTM32 -DSTM32F401RETx -DSTM32F4 -DDEBUG -c -I../Inc -O0 -ffunction-sections -fdata-sections -Wall -fstack-usage -MMD -MP -MF"Src/main.d" -MT"Src/main.o" --specs=nano.specs -mfpu=fpv4-sp-d16 -mfloat-abi=hard -mthumb -o "Src/main.o"
../Src/main.c:21:4: warning: #warning "FPU is not initialized, but the project is compiling for an FPU. Please initialize the FPU before use." [-Wcpp]
   #warning "FPU is not initialized, but the project is compiling for an FPU. Please initialize the FPU before use."
    ^~~~~~~
arm-none-eabi-gcc -o "D4enlight.elf" @"objects.list"   -mcpu=cortex-m4 -T"E:\Documents\FEE\Microprocessors\D4Enlight\STM32F401RETX_FLASH.ld" --specs=nosys.specs -Wl,-Map="D4enlight.map" -Wl,--gc-sections -static --specs=nano.specs -mfpu=fpv4-sp-d16 -mfloat-abi=hard -mthumb -Wl,--start-group -lc -lm -Wl,--end-group
Finished building target: D4enlight.elf
 
arm-none-eabi-objdump -h -S  D4enlight.elf  > "D4enlight.list"
arm-none-eabi-objcopy  -O binary  D4enlight.elf  "D4enlight.bin"
arm-none-eabi-size   D4enlight.elf 
   text	   data	    bss	    dec	    hex	filename
    352	    420	   1568	   2340	    924	D4enlight.elf
Finished building: default.size.stdout
Finished building: D4enlight.list
 
Finished building: D4enlight.bin
 
 

00:58:53 Build Finished. 0 errors, 1 warnings. (took 574ms)

