14:22:01 **** Build of configuration Debug for project Blinky ****
make -j4 all 
arm-none-eabi-gcc -mcpu=cortex-m4 -g3 -c -x assembler-with-cpp -MMD -MP -MF"Startup/startup_stm32f401retx.d" -MT"Startup/startup_stm32f401retx.o" --specs=nano.specs -mfpu=fpv4-sp-d16 -mfloat-abi=hard -mthumb -o "Startup/startup_stm32f401retx.o" "../Startup/startup_stm32f401retx.s"
arm-none-eabi-gcc "../Src/main.c" -mcpu=cortex-m4 -std=gnu11 -g3 -DSTM32 -DSTM32F401RETx -DSTM32F4 -DDEBUG -c -I../Inc -O0 -ffunction-sections -fdata-sections -Wall -fstack-usage -MMD -MP -MF"Src/main.d" -MT"Src/main.o" --specs=nano.specs -mfpu=fpv4-sp-d16 -mfloat-abi=hard -mthumb -o "Src/main.o"
arm-none-eabi-gcc "../Src/syscalls.c" -mcpu=cortex-m4 -std=gnu11 -g3 -DSTM32 -DSTM32F401RETx -DSTM32F4 -DDEBUG -c -I../Inc -O0 -ffunction-sections -fdata-sections -Wall -fstack-usage -MMD -MP -MF"Src/syscalls.d" -MT"Src/syscalls.o" --specs=nano.specs -mfpu=fpv4-sp-d16 -mfloat-abi=hard -mthumb -o "Src/syscalls.o"
arm-none-eabi-gcc "../Src/sysmem.c" -mcpu=cortex-m4 -std=gnu11 -g3 -DSTM32 -DSTM32F401RETx -DSTM32F4 -DDEBUG -c -I../Inc -O0 -ffunction-sections -fdata-sections -Wall -fstack-usage -MMD -MP -MF"Src/sysmem.d" -MT"Src/sysmem.o" --specs=nano.specs -mfpu=fpv4-sp-d16 -mfloat-abi=hard -mthumb -o "Src/sysmem.o"
arm-none-eabi-gcc -o "Blinky.elf" @"objects.list"   -mcpu=cortex-m4 -T"E:\Documents\FEE\Microprocessors\blink\Blinky\STM32F401RETX_FLASH.ld" --specs=nosys.specs -Wl,-Map="Blinky.map" -Wl,--gc-sections -static --specs=nano.specs -mfpu=fpv4-sp-d16 -mfloat-abi=hard -mthumb -Wl,--start-group -lc -lm -Wl,--end-group
Finished building target: Blinky.elf
 
arm-none-eabi-size   Blinky.elf 
arm-none-eabi-objdump -h -S  Blinky.elf  > "Blinky.list"
arm-none-eabi-objcopy  -O binary  Blinky.elf  "Blinky.bin"
   text	   data	    bss	    dec	    hex	filename
    352	    420	   1568	   2340	    924	Blinky.elf
Finished building: default.size.stdout
 
Finished building: Blinky.list
 
Finished building: Blinky.bin
 
14:45:22 **** Incremental Build of configuration Debug for project Blinky ****
make -j4 all 
arm-none-eabi-gcc "../Src/main.c" -mcpu=cortex-m4 -std=gnu11 -g3 -DSTM32 -DSTM32F401RETx -DSTM32F4 -DDEBUG -c -I../Inc -O0 -ffunction-sections -fdata-sections -Wall -fstack-usage -MMD -MP -MF"Src/main.d" -MT"Src/main.o" --specs=nano.specs -mfpu=fpv4-sp-d16 -mfloat-abi=hard -mthumb -o "Src/main.o"
arm-none-eabi-gcc -o "Blinky.elf" @"objects.list"   -mcpu=cortex-m4 -T"E:\Documents\FEE\Microprocessors\blink\Blinky\STM32F401RETX_FLASH.ld" --specs=nosys.specs -Wl,-Map="Blinky.map" -Wl,--gc-sections -static --specs=nano.specs -mfpu=fpv4-sp-d16 -mfloat-abi=hard -mthumb -Wl,--start-group -lc -lm -Wl,--end-group
Finished building target: Blinky.elf
 
arm-none-eabi-objdump -h -S  Blinky.elf  > "Blinky.list"
arm-none-eabi-objcopy  -O binary  Blinky.elf  "Blinky.bin"
arm-none-eabi-size   Blinky.elf 
   text	   data	    bss	    dec	    hex	filename
    400	    420	   1568	   2388	    954	Blinky.elf
Finished building: default.size.stdout
 
Finished building: Blinky.list
Finished building: Blinky.bin
 
 
21:28:33 **** Incremental Build of configuration Debug for project Blinky ****
make -j4 all 
arm-none-eabi-size   Blinky.elf 
   text	   data	    bss	    dec	    hex	filename
    400	    420	   1568	   2388	    954	Blinky.elf
Finished building: default.size.stdout
 
21:37:56 **** Incremental Build of configuration Debug for project Blinky ****
make -j4 all 
arm-none-eabi-gcc "../Src/main.c" -mcpu=cortex-m4 -std=gnu11 -g3 -DSTM32 -DSTM32F401RETx -DSTM32F4 -DDEBUG -c -I../Inc -O0 -ffunction-sections -fdata-sections -Wall -fstack-usage -MMD -MP -MF"Src/main.d" -MT"Src/main.o" --specs=nano.specs -mfpu=fpv4-sp-d16 -mfloat-abi=hard -mthumb -o "Src/main.o"
../Src/main.c: In function 'main':
../Src/main.c:94:17: error: 'GPIOB_ODR' undeclared (first use in this function); did you mean 'GPIOA_ODR'?
         setbit(*GPIOB_ODR, 6);
                 ^
../Src/main.c:23:27: note: in definition of macro 'setbit'
 #define setbit(reg,bit) ((reg) |= (1U << (bit)))
                           ^~~
../Src/main.c:94:17: note: each undeclared identifier is reported only once for each function it appears in
         setbit(*GPIOB_ODR, 6);
                 ^
../Src/main.c:23:27: note: in definition of macro 'setbit'
 #define setbit(reg,bit) ((reg) |= (1U << (bit)))
                           ^~~
make: *** [Src/subdir.mk:24: Src/main.o] Error 1
"make -j4 all" terminated with exit code 2. Build might be incomplete.
21:39:59 **** Incremental Build of configuration Debug for project Blinky ****
make -j4 all 
arm-none-eabi-gcc "../Src/main.c" -mcpu=cortex-m4 -std=gnu11 -g3 -DSTM32 -DSTM32F401RETx -DSTM32F4 -DDEBUG -c -I../Inc -O0 -ffunction-sections -fdata-sections -Wall -fstack-usage -MMD -MP -MF"Src/main.d" -MT"Src/main.o" --specs=nano.specs -mfpu=fpv4-sp-d16 -mfloat-abi=hard -mthumb -o "Src/main.o"
../Src/main.c: In function 'main':
../Src/main.c:80:13: error: 'GPIOB_MODER' undeclared (first use in this function); did you mean 'GPIOA_MODER'?
     setbit(*GPIOB_MODER, 16);
             ^
../Src/main.c:23:27: note: in definition of macro 'setbit'
 #define setbit(reg,bit) ((reg) |= (1U << (bit)))
                           ^~~
../Src/main.c:80:13: note: each undeclared identifier is reported only once for each function it appears in
     setbit(*GPIOB_MODER, 16);
             ^
../Src/main.c:23:27: note: in definition of macro 'setbit'
 #define setbit(reg,bit) ((reg) |= (1U << (bit)))
                           ^~~
make: *** [Src/subdir.mk:24: Src/main.o] Error 1
"make -j4 all" terminated with exit code 2. Build might be incomplete.
21:40:40 **** Incremental Build of configuration Debug for project Blinky ****
make -j4 all 
arm-none-eabi-gcc "../Src/main.c" -mcpu=cortex-m4 -std=gnu11 -g3 -DSTM32 -DSTM32F401RETx -DSTM32F4 -DDEBUG -c -I../Inc -O0 -ffunction-sections -fdata-sections -Wall -fstack-usage -MMD -MP -MF"Src/main.d" -MT"Src/main.o" --specs=nano.specs -mfpu=fpv4-sp-d16 -mfloat-abi=hard -mthumb -o "Src/main.o"
arm-none-eabi-gcc -o "Blinky.elf" @"objects.list"   -mcpu=cortex-m4 -T"E:\Documents\FEE\Microprocessors\blink\Blinky\STM32F401RETX_FLASH.ld" --specs=nosys.specs -Wl,-Map="Blinky.map" -Wl,--gc-sections -static --specs=nano.specs -mfpu=fpv4-sp-d16 -mfloat-abi=hard -mthumb -Wl,--start-group -lc -lm -Wl,--end-group
Finished building target: Blinky.elf
 
arm-none-eabi-objdump -h -S  Blinky.elf  > "Blinky.list"
arm-none-eabi-objcopy  -O binary  Blinky.elf  "Blinky.bin"
arm-none-eabi-size   Blinky.elf 
   text	   data	    bss	    dec	    hex	filename
    448	    420	   1568	   2436	    984	Blinky.elf
Finished building: default.size.stdout
 
Finished building: Blinky.bin
 
Finished building: Blinky.list
 
22:05:36 **** Incremental Build of configuration Debug for project Blinky ****
make -j4 all 
arm-none-eabi-gcc "../Src/main.c" -mcpu=cortex-m4 -std=gnu11 -g3 -DSTM32 -DSTM32F401RETx -DSTM32F4 -DDEBUG -c -I../Inc -O0 -ffunction-sections -fdata-sections -Wall -fstack-usage -MMD -MP -MF"Src/main.d" -MT"Src/main.o" --specs=nano.specs -mfpu=fpv4-sp-d16 -mfloat-abi=hard -mthumb -o "Src/main.o"
arm-none-eabi-gcc -o "Blinky.elf" @"objects.list"   -mcpu=cortex-m4 -T"E:\Documents\FEE\Microprocessors\blink\Blinky\STM32F401RETX_FLASH.ld" --specs=nosys.specs -Wl,-Map="Blinky.map" -Wl,--gc-sections -static --specs=nano.specs -mfpu=fpv4-sp-d16 -mfloat-abi=hard -mthumb -Wl,--start-group -lc -lm -Wl,--end-group
Finished building target: Blinky.elf
 
arm-none-eabi-objdump -h -S  Blinky.elf  > "Blinky.list"
arm-none-eabi-objcopy  -O binary  Blinky.elf  "Blinky.bin"
arm-none-eabi-size   Blinky.elf 
Finished building: Blinky.bin
   text	   data	    bss	    dec	    hex	filename
    460	    420	   1568	   2448	    990	Blinky.elf
 
Finished building: Blinky.list
Finished building: default.size.stdout
 
 
22:06:04 **** Incremental Build of configuration Debug for project Blinky ****
make -j4 all 
arm-none-eabi-gcc "../Src/main.c" -mcpu=cortex-m4 -std=gnu11 -g3 -DSTM32 -DSTM32F401RETx -DSTM32F4 -DDEBUG -c -I../Inc -O0 -ffunction-sections -fdata-sections -Wall -fstack-usage -MMD -MP -MF"Src/main.d" -MT"Src/main.o" --specs=nano.specs -mfpu=fpv4-sp-d16 -mfloat-abi=hard -mthumb -o "Src/main.o"
arm-none-eabi-gcc -o "Blinky.elf" @"objects.list"   -mcpu=cortex-m4 -T"E:\Documents\FEE\Microprocessors\blink\Blinky\STM32F401RETX_FLASH.ld" --specs=nosys.specs -Wl,-Map="Blinky.map" -Wl,--gc-sections -static --specs=nano.specs -mfpu=fpv4-sp-d16 -mfloat-abi=hard -mthumb -Wl,--start-group -lc -lm -Wl,--end-group
Finished building target: Blinky.elf
 
arm-none-eabi-objdump -h -S  Blinky.elf  > "Blinky.list"
arm-none-eabi-objcopy  -O binary  Blinky.elf  "Blinky.bin"
arm-none-eabi-size   Blinky.elf 
   text	   data	    bss	    dec	    hex	filename
    496	    420	   1568	   2484	    9b4	Blinky.elf
Finished building: default.size.stdout
Finished building: Blinky.list
Finished building: Blinky.bin
 
 
 
22:07:10 **** Incremental Build of configuration Debug for project Blinky ****
make -j4 all 
arm-none-eabi-size   Blinky.elf 
   text	   data	    bss	    dec	    hex	filename
    496	    420	   1568	   2484	    9b4	Blinky.elf
Finished building: default.size.stdout
 
22:10:53 **** Incremental Build of configuration Debug for project Blinky ****
make -j4 all 
arm-none-eabi-gcc "../Src/main.c" -mcpu=cortex-m4 -std=gnu11 -g3 -DSTM32 -DSTM32F401RETx -DSTM32F4 -DDEBUG -c -I../Inc -O0 -ffunction-sections -fdata-sections -Wall -fstack-usage -MMD -MP -MF"Src/main.d" -MT"Src/main.o" --specs=nano.specs -mfpu=fpv4-sp-d16 -mfloat-abi=hard -mthumb -o "Src/main.o"
arm-none-eabi-gcc -o "Blinky.elf" @"objects.list"   -mcpu=cortex-m4 -T"E:\Documents\FEE\Microprocessors\blink\Blinky\STM32F401RETX_FLASH.ld" --specs=nosys.specs -Wl,-Map="Blinky.map" -Wl,--gc-sections -static --specs=nano.specs -mfpu=fpv4-sp-d16 -mfloat-abi=hard -mthumb -Wl,--start-group -lc -lm -Wl,--end-group
Finished building target: Blinky.elf
 
arm-none-eabi-objdump -h -S  Blinky.elf  > "Blinky.list"
arm-none-eabi-objcopy  -O binary  Blinky.elf  "Blinky.bin"
arm-none-eabi-size   Blinky.elf 
   text	   data	    bss	    dec	    hex	filename
    496	    420	   1568	   2484	    9b4	Blinky.elf
Finished building: default.size.stdout
Finished building: Blinky.list
Finished building: Blinky.bin
 
 
 
22:42:18 **** Incremental Build of configuration Debug for project Blinky ****
make -j4 all 
arm-none-eabi-gcc "../Src/main.c" -mcpu=cortex-m4 -std=gnu11 -g3 -DSTM32 -DSTM32F401RETx -DSTM32F4 -DDEBUG -c -I../Inc -O0 -ffunction-sections -fdata-sections -Wall -fstack-usage -MMD -MP -MF"Src/main.d" -MT"Src/main.o" --specs=nano.specs -mfpu=fpv4-sp-d16 -mfloat-abi=hard -mthumb -o "Src/main.o"
arm-none-eabi-gcc -o "Blinky.elf" @"objects.list"   -mcpu=cortex-m4 -T"E:\Documents\FEE\Microprocessors\blink\Blinky\STM32F401RETX_FLASH.ld" --specs=nosys.specs -Wl,-Map="Blinky.map" -Wl,--gc-sections -static --specs=nano.specs -mfpu=fpv4-sp-d16 -mfloat-abi=hard -mthumb -Wl,--start-group -lc -lm -Wl,--end-group
Finished building target: Blinky.elf
 
arm-none-eabi-objdump -h -S  Blinky.elf  > "Blinky.list"
arm-none-eabi-objcopy  -O binary  Blinky.elf  "Blinky.bin"
arm-none-eabi-size   Blinky.elf 
Finished building: Blinky.list
   text	   data	    bss	    dec	    hex	filename
    504	    420	   1568	   2492	    9bc	Blinky.elf
Finished building: Blinky.bin
Finished building: default.size.stdout
 
 
 
22:43:30 **** Incremental Build of configuration Debug for project Blinky ****
make -j4 all 
arm-none-eabi-gcc "../Src/main.c" -mcpu=cortex-m4 -std=gnu11 -g3 -DSTM32 -DSTM32F401RETx -DSTM32F4 -DDEBUG -c -I../Inc -O0 -ffunction-sections -fdata-sections -Wall -fstack-usage -MMD -MP -MF"Src/main.d" -MT"Src/main.o" --specs=nano.specs -mfpu=fpv4-sp-d16 -mfloat-abi=hard -mthumb -o "Src/main.o"
arm-none-eabi-gcc -o "Blinky.elf" @"objects.list"   -mcpu=cortex-m4 -T"E:\Documents\FEE\Microprocessors\blink\Blinky\STM32F401RETX_FLASH.ld" --specs=nosys.specs -Wl,-Map="Blinky.map" -Wl,--gc-sections -static --specs=nano.specs -mfpu=fpv4-sp-d16 -mfloat-abi=hard -mthumb -Wl,--start-group -lc -lm -Wl,--end-group
Finished building target: Blinky.elf
 
arm-none-eabi-objdump -h -S  Blinky.elf  > "Blinky.list"
arm-none-eabi-objcopy  -O binary  Blinky.elf  "Blinky.bin"
arm-none-eabi-size   Blinky.elf 
   text	   data	    bss	    dec	    hex	filename
    504	    420	   1568	   2492	    9bc	Blinky.elf
Finished building: default.size.stdout
Finished building: Blinky.list
Finished building: Blinky.bin
 
 
 
22:43:54 **** Incremental Build of configuration Debug for project Blinky ****
make -j4 all 
arm-none-eabi-gcc "../Src/main.c" -mcpu=cortex-m4 -std=gnu11 -g3 -DSTM32 -DSTM32F401RETx -DSTM32F4 -DDEBUG -c -I../Inc -O0 -ffunction-sections -fdata-sections -Wall -fstack-usage -MMD -MP -MF"Src/main.d" -MT"Src/main.o" --specs=nano.specs -mfpu=fpv4-sp-d16 -mfloat-abi=hard -mthumb -o "Src/main.o"
arm-none-eabi-gcc -o "Blinky.elf" @"objects.list"   -mcpu=cortex-m4 -T"E:\Documents\FEE\Microprocessors\blink\Blinky\STM32F401RETX_FLASH.ld" --specs=nosys.specs -Wl,-Map="Blinky.map" -Wl,--gc-sections -static --specs=nano.specs -mfpu=fpv4-sp-d16 -mfloat-abi=hard -mthumb -Wl,--start-group -lc -lm -Wl,--end-group
Finished building target: Blinky.elf
 
arm-none-eabi-objdump -h -S  Blinky.elf  > "Blinky.list"
arm-none-eabi-objcopy  -O binary  Blinky.elf  "Blinky.bin"
arm-none-eabi-size   Blinky.elf 
   text	   data	    bss	    dec	    hex	filename
    516	    420	   1568	   2504	    9c8	Blinky.elf
Finished building: default.size.stdout
Finished building: Blinky.list
Finished building: Blinky.bin
 
 
 
22:54:13 **** Incremental Build of configuration Debug for project Blinky ****
make -j4 all 
arm-none-eabi-gcc "../Src/main.c" -mcpu=cortex-m4 -std=gnu11 -g3 -DSTM32 -DSTM32F401RETx -DSTM32F4 -DDEBUG -c -I../Inc -O0 -ffunction-sections -fdata-sections -Wall -fstack-usage -MMD -MP -MF"Src/main.d" -MT"Src/main.o" --specs=nano.specs -mfpu=fpv4-sp-d16 -mfloat-abi=hard -mthumb -o "Src/main.o"
arm-none-eabi-gcc -o "Blinky.elf" @"objects.list"   -mcpu=cortex-m4 -T"E:\Documents\FEE\Microprocessors\blink\Blinky\STM32F401RETX_FLASH.ld" --specs=nosys.specs -Wl,-Map="Blinky.map" -Wl,--gc-sections -static --specs=nano.specs -mfpu=fpv4-sp-d16 -mfloat-abi=hard -mthumb -Wl,--start-group -lc -lm -Wl,--end-group
Finished building target: Blinky.elf
 
arm-none-eabi-objdump -h -S  Blinky.elf  > "Blinky.list"
arm-none-eabi-objcopy  -O binary  Blinky.elf  "Blinky.bin"
arm-none-eabi-size   Blinky.elf 
   text	   data	    bss	    dec	    hex	filename
    516	    420	   1568	   2504	    9c8	Blinky.elf
Finished building: default.size.stdout
Finished building: Blinky.list
Finished building: Blinky.bin
 
 
 
22:56:29 **** Incremental Build of configuration Debug for project Blinky ****
make -j4 all 
arm-none-eabi-size   Blinky.elf 
   text	   data	    bss	    dec	    hex	filename
    516	    420	   1568	   2504	    9c8	Blinky.elf
Finished building: default.size.stdout
 
22:58:14 **** Incremental Build of configuration Debug for project Blinky ****
make -j4 all 
arm-none-eabi-size   Blinky.elf 
   text	   data	    bss	    dec	    hex	filename
    516	    420	   1568	   2504	    9c8	Blinky.elf
Finished building: default.size.stdout
 
22:59:24 **** Incremental Build of configuration Debug for project Blinky ****
make -j4 all 
arm-none-eabi-gcc "../Src/main.c" -mcpu=cortex-m4 -std=gnu11 -g3 -DSTM32 -DSTM32F401RETx -DSTM32F4 -DDEBUG -c -I../Inc -O0 -ffunction-sections -fdata-sections -Wall -fstack-usage -MMD -MP -MF"Src/main.d" -MT"Src/main.o" --specs=nano.specs -mfpu=fpv4-sp-d16 -mfloat-abi=hard -mthumb -o "Src/main.o"
arm-none-eabi-gcc -o "Blinky.elf" @"objects.list"   -mcpu=cortex-m4 -T"E:\Documents\FEE\Microprocessors\blink\Blinky\STM32F401RETX_FLASH.ld" --specs=nosys.specs -Wl,-Map="Blinky.map" -Wl,--gc-sections -static --specs=nano.specs -mfpu=fpv4-sp-d16 -mfloat-abi=hard -mthumb -Wl,--start-group -lc -lm -Wl,--end-group
Finished building target: Blinky.elf
 
arm-none-eabi-objdump -h -S  Blinky.elf  > "Blinky.list"
arm-none-eabi-objcopy  -O binary  Blinky.elf  "Blinky.bin"
arm-none-eabi-size   Blinky.elf 
   text	   data	    bss	    dec	    hex	filename
    516	    420	   1568	   2504	    9c8	Blinky.elf
Finished building: default.size.stdout
Finished building: Blinky.list
Finished building: Blinky.bin
 
 
 
23:00:01 **** Incremental Build of configuration Debug for project Blinky ****
make -j4 all 
arm-none-eabi-size   Blinky.elf 
   text	   data	    bss	    dec	    hex	filename
    516	    420	   1568	   2504	    9c8	Blinky.elf
Finished building: default.size.stdout
 
23:00:57 **** Incremental Build of configuration Debug for project Blinky ****
make -j4 all 
arm-none-eabi-size   Blinky.elf 
   text	   data	    bss	    dec	    hex	filename
    516	    420	   1568	   2504	    9c8	Blinky.elf
Finished building: default.size.stdout
 
23:06:02 **** Incremental Build of configuration Debug for project Blinky ****
make -j4 all 
arm-none-eabi-size   Blinky.elf 
   text	   data	    bss	    dec	    hex	filename
    516	    420	   1568	   2504	    9c8	Blinky.elf
Finished building: default.size.stdout
 
23:07:37 **** Incremental Build of configuration Debug for project Blinky ****
make -j4 all 
arm-none-eabi-gcc "../Src/main.c" -mcpu=cortex-m4 -std=gnu11 -g3 -DSTM32 -DSTM32F401RETx -DSTM32F4 -DDEBUG -c -I../Inc -O0 -ffunction-sections -fdata-sections -Wall -fstack-usage -MMD -MP -MF"Src/main.d" -MT"Src/main.o" --specs=nano.specs -mfpu=fpv4-sp-d16 -mfloat-abi=hard -mthumb -o "Src/main.o"
arm-none-eabi-gcc -o "Blinky.elf" @"objects.list"   -mcpu=cortex-m4 -T"E:\Documents\FEE\Microprocessors\blink\Blinky\STM32F401RETX_FLASH.ld" --specs=nosys.specs -Wl,-Map="Blinky.map" -Wl,--gc-sections -static --specs=nano.specs -mfpu=fpv4-sp-d16 -mfloat-abi=hard -mthumb -Wl,--start-group -lc -lm -Wl,--end-group
Finished building target: Blinky.elf
 
arm-none-eabi-objdump -h -S  Blinky.elf  > "Blinky.list"
arm-none-eabi-objcopy  -O binary  Blinky.elf  "Blinky.bin"
arm-none-eabi-size   Blinky.elf 
   text	   data	    bss	    dec	    hex	filename
    516	    420	   1568	   2504	    9c8	Blinky.elf
Finished building: default.size.stdout
Finished building: Blinky.list
 
Finished building: Blinky.bin
 
 
23:07:54 **** Incremental Build of configuration Debug for project Blinky ****
make -j4 all 
arm-none-eabi-size   Blinky.elf 
   text	   data	    bss	    dec	    hex	filename
    516	    420	   1568	   2504	    9c8	Blinky.elf
Finished building: default.size.stdout
 
23:09:53 **** Incremental Build of configuration Debug for project Blinky ****
make -j4 all 
arm-none-eabi-size   Blinky.elf 
   text	   data	    bss	    dec	    hex	filename
    516	    420	   1568	   2504	    9c8	Blinky.elf
Finished building: default.size.stdout
 
23:10:10 **** Incremental Build of configuration Debug for project Blinky ****
make -j4 all 
arm-none-eabi-size   Blinky.elf 
   text	   data	    bss	    dec	    hex	filename
    516	    420	   1568	   2504	    9c8	Blinky.elf
Finished building: default.size.stdout
 
23:10:15 **** Incremental Build of configuration Debug for project Blinky ****
make -j4 all 
arm-none-eabi-size   Blinky.elf 
   text	   data	    bss	    dec	    hex	filename
    516	    420	   1568	   2504	    9c8	Blinky.elf
Finished building: default.size.stdout
 
23:12:16 **** Incremental Build of configuration Debug for project Blinky ****
make -j4 all 
arm-none-eabi-gcc "../Src/main.c" -mcpu=cortex-m4 -std=gnu11 -g3 -DSTM32 -DSTM32F401RETx -DSTM32F4 -DDEBUG -c -I../Inc -O0 -ffunction-sections -fdata-sections -Wall -fstack-usage -MMD -MP -MF"Src/main.d" -MT"Src/main.o" --specs=nano.specs -mfpu=fpv4-sp-d16 -mfloat-abi=hard -mthumb -o "Src/main.o"
arm-none-eabi-gcc -o "Blinky.elf" @"objects.list"   -mcpu=cortex-m4 -T"E:\Documents\FEE\Microprocessors\blink\Blinky\STM32F401RETX_FLASH.ld" --specs=nosys.specs -Wl,-Map="Blinky.map" -Wl,--gc-sections -static --specs=nano.specs -mfpu=fpv4-sp-d16 -mfloat-abi=hard -mthumb -Wl,--start-group -lc -lm -Wl,--end-group
Finished building target: Blinky.elf
 
arm-none-eabi-objdump -h -S  Blinky.elf  > "Blinky.list"
arm-none-eabi-objcopy  -O binary  Blinky.elf  "Blinky.bin"
arm-none-eabi-size   Blinky.elf 
   text	   data	    bss	    dec	    hex	filename
    516	    420	   1568	   2504	    9c8	Blinky.elf
Finished building: default.size.stdout
Finished building: Blinky.list
Finished building: Blinky.bin
 
 
 
23:13:32 **** Incremental Build of configuration Debug for project Blinky ****
make -j4 all 
arm-none-eabi-gcc "../Src/main.c" -mcpu=cortex-m4 -std=gnu11 -g3 -DSTM32 -DSTM32F401RETx -DSTM32F4 -DDEBUG -c -I../Inc -O0 -ffunction-sections -fdata-sections -Wall -fstack-usage -MMD -MP -MF"Src/main.d" -MT"Src/main.o" --specs=nano.specs -mfpu=fpv4-sp-d16 -mfloat-abi=hard -mthumb -o "Src/main.o"
arm-none-eabi-gcc -o "Blinky.elf" @"objects.list"   -mcpu=cortex-m4 -T"E:\Documents\FEE\Microprocessors\blink\Blinky\STM32F401RETX_FLASH.ld" --specs=nosys.specs -Wl,-Map="Blinky.map" -Wl,--gc-sections -static --specs=nano.specs -mfpu=fpv4-sp-d16 -mfloat-abi=hard -mthumb -Wl,--start-group -lc -lm -Wl,--end-group
Finished building target: Blinky.elf
 
arm-none-eabi-objdump -h -S  Blinky.elf  > "Blinky.list"
arm-none-eabi-objcopy  -O binary  Blinky.elf  "Blinky.bin"
arm-none-eabi-size   Blinky.elf 
   text	   data	    bss	    dec	    hex	filename
    516	    420	   1568	   2504	    9c8	Blinky.elf
Finished building: default.size.stdout
Finished building: Blinky.list
Finished building: Blinky.bin
 
 
 
23:13:46 **** Incremental Build of configuration Debug for project Blinky ****
make -j4 all 
arm-none-eabi-size   Blinky.elf 
   text	   data	    bss	    dec	    hex	filename
    516	    420	   1568	   2504	    9c8	Blinky.elf
Finished building: default.size.stdout
 
23:14:09 **** Incremental Build of configuration Debug for project Blinky ****
make -j4 all 
arm-none-eabi-size   Blinky.elf 
   text	   data	    bss	    dec	    hex	filename
    516	    420	   1568	   2504	    9c8	Blinky.elf
Finished building: default.size.stdout
 
23:25:05 **** Incremental Build of configuration Debug for project Blinky ****
make -j4 all 
arm-none-eabi-size   Blinky.elf 
   text	   data	    bss	    dec	    hex	filename
    516	    420	   1568	   2504	    9c8	Blinky.elf
Finished building: default.size.stdout
 
23:29:09 **** Incremental Build of configuration Debug for project Blinky ****
make -j4 all 
arm-none-eabi-size   Blinky.elf 
   text	   data	    bss	    dec	    hex	filename
    516	    420	   1568	   2504	    9c8	Blinky.elf
Finished building: default.size.stdout
 
23:39:25 **** Incremental Build of configuration Debug for project Blinky ****
make -j4 all 
arm-none-eabi-size   Blinky.elf 
   text	   data	    bss	    dec	    hex	filename
    516	    420	   1568	   2504	    9c8	Blinky.elf
Finished building: default.size.stdout
 
00:20:06 **** Incremental Build of configuration Debug for project Blinky ****
make -j4 all 
arm-none-eabi-size   Blinky.elf 
   text	   data	    bss	    dec	    hex	filename
    516	    420	   1568	   2504	    9c8	Blinky.elf
Finished building: default.size.stdout
 
00:20:31 **** Incremental Build of configuration Debug for project Blinky ****
make -j4 all 
arm-none-eabi-size   Blinky.elf 
   text	   data	    bss	    dec	    hex	filename
    516	    420	   1568	   2504	    9c8	Blinky.elf
Finished building: default.size.stdout
 
00:43:14 **** Incremental Build of configuration Debug for project Blinky ****
make -j4 all 
arm-none-eabi-size   Blinky.elf 
   text	   data	    bss	    dec	    hex	filename
    516	    420	   1568	   2504	    9c8	Blinky.elf
Finished building: default.size.stdout
 
00:46:49 **** Incremental Build of configuration Debug for project Blinky ****
make -j4 all 
arm-none-eabi-size   Blinky.elf 
   text	   data	    bss	    dec	    hex	filename
    516	    420	   1568	   2504	    9c8	Blinky.elf
Finished building: default.size.stdout
 
00:46:49 **** Build of configuration Debug for project D4enlight ****
make -j4 all 
arm-none-eabi-gcc -mcpu=cortex-m4 -g3 -c -x assembler-with-cpp -MMD -MP -MF"Startup/startup_stm32f401retx.d" -MT"Startup/startup_stm32f401retx.o" --specs=nano.specs -mfpu=fpv4-sp-d16 -mfloat-abi=hard -mthumb -o "Startup/startup_stm32f401retx.o" "../Startup/startup_stm32f401retx.s"
arm-none-eabi-gcc "../Src/main.c" -mcpu=cortex-m4 -std=gnu11 -g3 -DSTM32 -DSTM32F401RETx -DSTM32F4 -DDEBUG -c -I../Inc -O0 -ffunction-sections -fdata-sections -Wall -fstack-usage -MMD -MP -MF"Src/main.d" -MT"Src/main.o" --specs=nano.specs -mfpu=fpv4-sp-d16 -mfloat-abi=hard -mthumb -o "Src/main.o"
arm-none-eabi-gcc "../Src/syscalls.c" -mcpu=cortex-m4 -std=gnu11 -g3 -DSTM32 -DSTM32F401RETx -DSTM32F4 -DDEBUG -c -I../Inc -O0 -ffunction-sections -fdata-sections -Wall -fstack-usage -MMD -MP -MF"Src/syscalls.d" -MT"Src/syscalls.o" --specs=nano.specs -mfpu=fpv4-sp-d16 -mfloat-abi=hard -mthumb -o "Src/syscalls.o"
arm-none-eabi-gcc "../Src/sysmem.c" -mcpu=cortex-m4 -std=gnu11 -g3 -DSTM32 -DSTM32F401RETx -DSTM32F4 -DDEBUG -c -I../Inc -O0 -ffunction-sections -fdata-sections -Wall -fstack-usage -MMD -MP -MF"Src/sysmem.d" -MT"Src/sysmem.o" --specs=nano.specs -mfpu=fpv4-sp-d16 -mfloat-abi=hard -mthumb -o "Src/sysmem.o"
../Src/main.c:21:4: warning: #warning "FPU is not initialized, but the project is compiling for an FPU. Please initialize the FPU before use." [-Wcpp]
   #warning "FPU is not initialized, but the project is compiling for an FPU. Please initialize the FPU before use."
    ^~~~~~~
arm-none-eabi-gcc -o "D4enlight.elf" @"objects.list"   -mcpu=cortex-m4 -T"E:\Documents\FEE\Microprocessors\D4Enlight\STM32F401RETX_FLASH.ld" --specs=nosys.specs -Wl,-Map="D4enlight.map" -Wl,--gc-sections -static --specs=nano.specs -mfpu=fpv4-sp-d16 -mfloat-abi=hard -mthumb -Wl,--start-group -lc -lm -Wl,--end-group
Finished building target: D4enlight.elf
 
arm-none-eabi-size   D4enlight.elf 
arm-none-eabi-objdump -h -S  D4enlight.elf  > "D4enlight.list"
arm-none-eabi-objcopy  -O binary  D4enlight.elf  "D4enlight.bin"
   text	   data	    bss	    dec	    hex	filename
    656	      8	   1568	   2232	    8b8	D4enlight.elf
Finished building: default.size.stdout
 
Finished building: D4enlight.bin
 
Finished building: D4enlight.list
 
00:48:02 **** Incremental Build of configuration Debug for project D4enlight ****
make -j4 all 
arm-none-eabi-gcc "../Src/main.c" -mcpu=cortex-m4 -std=gnu11 -g3 -DSTM32 -DSTM32F401RETx -DSTM32F4 -DDEBUG -c -I../Inc -O0 -ffunction-sections -fdata-sections -Wall -fstack-usage -MMD -MP -MF"Src/main.d" -MT"Src/main.o" --specs=nano.specs -mfpu=fpv4-sp-d16 -mfloat-abi=hard -mthumb -o "Src/main.o"
../Src/main.c:21:4: warning: #warning "FPU is not initialized, but the project is compiling for an FPU. Please initialize the FPU before use." [-Wcpp]
   #warning "FPU is not initialized, but the project is compiling for an FPU. Please initialize the FPU before use."
    ^~~~~~~
arm-none-eabi-gcc -o "D4enlight.elf" @"objects.list"   -mcpu=cortex-m4 -T"E:\Documents\FEE\Microprocessors\D4Enlight\STM32F401RETX_FLASH.ld" --specs=nosys.specs -Wl,-Map="D4enlight.map" -Wl,--gc-sections -static --specs=nano.specs -mfpu=fpv4-sp-d16 -mfloat-abi=hard -mthumb -Wl,--start-group -lc -lm -Wl,--end-group
Finished building target: D4enlight.elf
 
arm-none-eabi-objdump -h -S  D4enlight.elf  > "D4enlight.list"
arm-none-eabi-objcopy  -O binary  D4enlight.elf  "D4enlight.bin"
arm-none-eabi-size   D4enlight.elf 
Finished building: D4enlight.list
   text	   data	    bss	    dec	    hex	filename
    344	    420	   1568	   2332	    91c	D4enlight.elf
Finished building: D4enlight.bin
Finished building: default.size.stdout
 
 
 
00:48:58 **** Incremental Build of configuration Debug for project D4enlight ****
make -j4 all 
arm-none-eabi-gcc "../Src/main.c" -mcpu=cortex-m4 -std=gnu11 -g3 -DSTM32 -DSTM32F401RETx -DSTM32F4 -DDEBUG -c -I../Inc -O0 -ffunction-sections -fdata-sections -Wall -fstack-usage -MMD -MP -MF"Src/main.d" -MT"Src/main.o" --specs=nano.specs -mfpu=fpv4-sp-d16 -mfloat-abi=hard -mthumb -o "Src/main.o"
../Src/main.c:21:4: warning: #warning "FPU is not initialized, but the project is compiling for an FPU. Please initialize the FPU before use." [-Wcpp]
   #warning "FPU is not initialized, but the project is compiling for an FPU. Please initialize the FPU before use."
    ^~~~~~~
arm-none-eabi-gcc -o "D4enlight.elf" @"objects.list"   -mcpu=cortex-m4 -T"E:\Documents\FEE\Microprocessors\D4Enlight\STM32F401RETX_FLASH.ld" --specs=nosys.specs -Wl,-Map="D4enlight.map" -Wl,--gc-sections -static --specs=nano.specs -mfpu=fpv4-sp-d16 -mfloat-abi=hard -mthumb -Wl,--start-group -lc -lm -Wl,--end-group
Finished building target: D4enlight.elf
 
arm-none-eabi-objdump -h -S  D4enlight.elf  > "D4enlight.list"
arm-none-eabi-objcopy  -O binary  D4enlight.elf  "D4enlight.bin"
arm-none-eabi-size   D4enlight.elf 
   text	   data	    bss	    dec	    hex	filename
    344	    420	   1568	   2332	    91c	D4enlight.elf
Finished building: default.size.stdout
Finished building: D4enlight.list
 
Finished building: D4enlight.bin
 
 
00:49:19 **** Incremental Build of configuration Debug for project D4enlight ****
make -j4 all 
arm-none-eabi-gcc "../Src/main.c" -mcpu=cortex-m4 -std=gnu11 -g3 -DSTM32 -DSTM32F401RETx -DSTM32F4 -DDEBUG -c -I../Inc -O0 -ffunction-sections -fdata-sections -Wall -fstack-usage -MMD -MP -MF"Src/main.d" -MT"Src/main.o" --specs=nano.specs -mfpu=fpv4-sp-d16 -mfloat-abi=hard -mthumb -o "Src/main.o"
../Src/main.c:21:4: warning: #warning "FPU is not initialized, but the project is compiling for an FPU. Please initialize the FPU before use." [-Wcpp]
   #warning "FPU is not initialized, but the project is compiling for an FPU. Please initialize the FPU before use."
    ^~~~~~~
arm-none-eabi-gcc -o "D4enlight.elf" @"objects.list"   -mcpu=cortex-m4 -T"E:\Documents\FEE\Microprocessors\D4Enlight\STM32F401RETX_FLASH.ld" --specs=nosys.specs -Wl,-Map="D4enlight.map" -Wl,--gc-sections -static --specs=nano.specs -mfpu=fpv4-sp-d16 -mfloat-abi=hard -mthumb -Wl,--start-group -lc -lm -Wl,--end-group
Finished building target: D4enlight.elf
 
arm-none-eabi-objdump -h -S  D4enlight.elf  > "D4enlight.list"
arm-none-eabi-objcopy  -O binary  D4enlight.elf  "D4enlight.bin"
arm-none-eabi-size   D4enlight.elf 
   text	   data	    bss	    dec	    hex	filename
    344	    420	   1568	   2332	    91c	D4enlight.elf
Finished building: default.size.stdout
Finished building: D4enlight.list
Finished building: D4enlight.bin
 
 
 
00:51:14 **** Incremental Build of configuration Debug for project Blinky ****
make -j4 all 
arm-none-eabi-gcc "../Src/main.c" -mcpu=cortex-m4 -std=gnu11 -g3 -DSTM32 -DSTM32F401RETx -DSTM32F4 -DDEBUG -c -I../Inc -O0 -ffunction-sections -fdata-sections -Wall -fstack-usage -MMD -MP -MF"Src/main.d" -MT"Src/main.o" --specs=nano.specs -mfpu=fpv4-sp-d16 -mfloat-abi=hard -mthumb -o "Src/main.o"
arm-none-eabi-gcc -o "Blinky.elf" @"objects.list"   -mcpu=cortex-m4 -T"E:\Documents\FEE\Microprocessors\blink\Blinky\STM32F401RETX_FLASH.ld" --specs=nosys.specs -Wl,-Map="Blinky.map" -Wl,--gc-sections -static --specs=nano.specs -mfpu=fpv4-sp-d16 -mfloat-abi=hard -mthumb -Wl,--start-group -lc -lm -Wl,--end-group
Finished building target: Blinky.elf
 
arm-none-eabi-objdump -h -S  Blinky.elf  > "Blinky.list"
arm-none-eabi-objcopy  -O binary  Blinky.elf  "Blinky.bin"
arm-none-eabi-size   Blinky.elf 
   text	   data	    bss	    dec	    hex	filename
    516	    420	   1568	   2504	    9c8	Blinky.elf
Finished building: default.size.stdout
Finished building: Blinky.list
Finished building: Blinky.bin
 
 
 
00:52:05 **** Incremental Build of configuration Debug for project Blinky ****
make -j4 all 
arm-none-eabi-gcc "../Src/main.c" -mcpu=cortex-m4 -std=gnu11 -g3 -DSTM32 -DSTM32F401RETx -DSTM32F4 -DDEBUG -c -I../Inc -O0 -ffunction-sections -fdata-sections -Wall -fstack-usage -MMD -MP -MF"Src/main.d" -MT"Src/main.o" --specs=nano.specs -mfpu=fpv4-sp-d16 -mfloat-abi=hard -mthumb -o "Src/main.o"
arm-none-eabi-gcc -o "Blinky.elf" @"objects.list"   -mcpu=cortex-m4 -T"E:\Documents\FEE\Microprocessors\blink\Blinky\STM32F401RETX_FLASH.ld" --specs=nosys.specs -Wl,-Map="Blinky.map" -Wl,--gc-sections -static --specs=nano.specs -mfpu=fpv4-sp-d16 -mfloat-abi=hard -mthumb -Wl,--start-group -lc -lm -Wl,--end-group
Finished building target: Blinky.elf
 
arm-none-eabi-objdump -h -S  Blinky.elf  > "Blinky.list"
arm-none-eabi-objcopy  -O binary  Blinky.elf  "Blinky.bin"
arm-none-eabi-size   Blinky.elf 
   text	   data	    bss	    dec	    hex	filename
    512	    420	   1568	   2500	    9c4	Blinky.elf
Finished building: default.size.stdout
Finished building: Blinky.list
Finished building: Blinky.bin
 
 
 
00:52:38 **** Incremental Build of configuration Debug for project Blinky ****
make -j4 all 
arm-none-eabi-size   Blinky.elf 
   text	   data	    bss	    dec	    hex	filename
    512	    420	   1568	   2500	    9c4	Blinky.elf
Finished building: default.size.stdout
 
00:53:36 **** Incremental Build of configuration Debug for project Blinky ****
make -j4 all 
arm-none-eabi-gcc "../Src/main.c" -mcpu=cortex-m4 -std=gnu11 -g3 -DSTM32 -DSTM32F401RETx -DSTM32F4 -DDEBUG -c -I../Inc -O0 -ffunction-sections -fdata-sections -Wall -fstack-usage -MMD -MP -MF"Src/main.d" -MT"Src/main.o" --specs=nano.specs -mfpu=fpv4-sp-d16 -mfloat-abi=hard -mthumb -o "Src/main.o"
arm-none-eabi-gcc -o "Blinky.elf" @"objects.list"   -mcpu=cortex-m4 -T"E:\Documents\FEE\Microprocessors\blink\Blinky\STM32F401RETX_FLASH.ld" --specs=nosys.specs -Wl,-Map="Blinky.map" -Wl,--gc-sections -static --specs=nano.specs -mfpu=fpv4-sp-d16 -mfloat-abi=hard -mthumb -Wl,--start-group -lc -lm -Wl,--end-group
Finished building target: Blinky.elf
 
arm-none-eabi-objdump -h -S  Blinky.elf  > "Blinky.list"
arm-none-eabi-objcopy  -O binary  Blinky.elf  "Blinky.bin"
arm-none-eabi-size   Blinky.elf 
   text	   data	    bss	    dec	    hex	filename
    504	    420	   1568	   2492	    9bc	Blinky.elf
Finished building: default.size.stdout
Finished building: Blinky.list
Finished building: Blinky.bin
 
 
 
00:56:23 **** Incremental Build of configuration Debug for project Blinky ****
make -j4 all 
arm-none-eabi-gcc "../Src/main.c" -mcpu=cortex-m4 -std=gnu11 -g3 -DSTM32 -DSTM32F401RETx -DSTM32F4 -DDEBUG -c -I../Inc -O0 -ffunction-sections -fdata-sections -Wall -fstack-usage -MMD -MP -MF"Src/main.d" -MT"Src/main.o" --specs=nano.specs -mfpu=fpv4-sp-d16 -mfloat-abi=hard -mthumb -o "Src/main.o"
arm-none-eabi-gcc -o "Blinky.elf" @"objects.list"   -mcpu=cortex-m4 -T"E:\Documents\FEE\Microprocessors\blink\Blinky\STM32F401RETX_FLASH.ld" --specs=nosys.specs -Wl,-Map="Blinky.map" -Wl,--gc-sections -static --specs=nano.specs -mfpu=fpv4-sp-d16 -mfloat-abi=hard -mthumb -Wl,--start-group -lc -lm -Wl,--end-group
Finished building target: Blinky.elf
 
arm-none-eabi-objdump -h -S  Blinky.elf  > "Blinky.list"
arm-none-eabi-objcopy  -O binary  Blinky.elf  "Blinky.bin"
arm-none-eabi-size   Blinky.elf 
   text	   data	    bss	    dec	    hex	filename
    648	    420	   1568	   2636	    a4c	Blinky.elf
Finished building: default.size.stdout
Finished building: Blinky.list
Finished building: Blinky.bin
 
 
 
00:58:52 **** Incremental Build of configuration Debug for project D4enlight ****
make -j4 all 
arm-none-eabi-gcc "../Src/main.c" -mcpu=cortex-m4 -std=gnu11 -g3 -DSTM32 -DSTM32F401RETx -DSTM32F4 -DDEBUG -c -I../Inc -O0 -ffunction-sections -fdata-sections -Wall -fstack-usage -MMD -MP -MF"Src/main.d" -MT"Src/main.o" --specs=nano.specs -mfpu=fpv4-sp-d16 -mfloat-abi=hard -mthumb -o "Src/main.o"
../Src/main.c:21:4: warning: #warning "FPU is not initialized, but the project is compiling for an FPU. Please initialize the FPU before use." [-Wcpp]
   #warning "FPU is not initialized, but the project is compiling for an FPU. Please initialize the FPU before use."
    ^~~~~~~
arm-none-eabi-gcc -o "D4enlight.elf" @"objects.list"   -mcpu=cortex-m4 -T"E:\Documents\FEE\Microprocessors\D4Enlight\STM32F401RETX_FLASH.ld" --specs=nosys.specs -Wl,-Map="D4enlight.map" -Wl,--gc-sections -static --specs=nano.specs -mfpu=fpv4-sp-d16 -mfloat-abi=hard -mthumb -Wl,--start-group -lc -lm -Wl,--end-group
Finished building target: D4enlight.elf
 
arm-none-eabi-objdump -h -S  D4enlight.elf  > "D4enlight.list"
arm-none-eabi-objcopy  -O binary  D4enlight.elf  "D4enlight.bin"
arm-none-eabi-size   D4enlight.elf 
   text	   data	    bss	    dec	    hex	filename
    352	    420	   1568	   2340	    924	D4enlight.elf
Finished building: default.size.stdout
Finished building: D4enlight.list
 
Finished building: D4enlight.bin
 
 
00:59:02 **** Incremental Build of configuration Debug for project Blinky ****
make -j4 all 
arm-none-eabi-size   Blinky.elf 
   text	   data	    bss	    dec	    hex	filename
    648	    420	   1568	   2636	    a4c	Blinky.elf
Finished building: default.size.stdout
 
10:41:25 **** Build of configuration Debug for project snake ****
make -j4 all 
arm-none-eabi-gcc -mcpu=cortex-m4 -g3 -c -x assembler-with-cpp -MMD -MP -MF"Startup/startup_stm32f401retx.d" -MT"Startup/startup_stm32f401retx.o" --specs=nano.specs -mfpu=fpv4-sp-d16 -mfloat-abi=hard -mthumb -o "Startup/startup_stm32f401retx.o" "../Startup/startup_stm32f401retx.s"
arm-none-eabi-gcc "../Src/main.c" -mcpu=cortex-m4 -std=gnu11 -g3 -DSTM32 -DSTM32F401RETx -DSTM32F4 -DDEBUG -c -I../Inc -O0 -ffunction-sections -fdata-sections -Wall -fstack-usage -MMD -MP -MF"Src/main.d" -MT"Src/main.o" --specs=nano.specs -mfpu=fpv4-sp-d16 -mfloat-abi=hard -mthumb -o "Src/main.o"
arm-none-eabi-gcc "../Src/syscalls.c" -mcpu=cortex-m4 -std=gnu11 -g3 -DSTM32 -DSTM32F401RETx -DSTM32F4 -DDEBUG -c -I../Inc -O0 -ffunction-sections -fdata-sections -Wall -fstack-usage -MMD -MP -MF"Src/syscalls.d" -MT"Src/syscalls.o" --specs=nano.specs -mfpu=fpv4-sp-d16 -mfloat-abi=hard -mthumb -o "Src/syscalls.o"
arm-none-eabi-gcc "../Src/sysmem.c" -mcpu=cortex-m4 -std=gnu11 -g3 -DSTM32 -DSTM32F401RETx -DSTM32F4 -DDEBUG -c -I../Inc -O0 -ffunction-sections -fdata-sections -Wall -fstack-usage -MMD -MP -MF"Src/sysmem.d" -MT"Src/sysmem.o" --specs=nano.specs -mfpu=fpv4-sp-d16 -mfloat-abi=hard -mthumb -o "Src/sysmem.o"
../Src/main.c:21:4: warning: #warning "FPU is not initialized, but the project is compiling for an FPU. Please initialize the FPU before use." [-Wcpp]
   #warning "FPU is not initialized, but the project is compiling for an FPU. Please initialize the FPU before use."
    ^~~~~~~
arm-none-eabi-gcc -o "snake.elf" @"objects.list"   -mcpu=cortex-m4 -T"E:\Documents\FEE\Microprocessors\blink\snake\STM32F401RETX_FLASH.ld" --specs=nosys.specs -Wl,-Map="snake.map" -Wl,--gc-sections -static --specs=nano.specs -mfpu=fpv4-sp-d16 -mfloat-abi=hard -mthumb -Wl,--start-group -lc -lm -Wl,--end-group
Finished building target: snake.elf
 
arm-none-eabi-size   snake.elf 
arm-none-eabi-objdump -h -S  snake.elf  > "snake.list"
arm-none-eabi-objcopy  -O binary  snake.elf  "snake.bin"
   text	   data	    bss	    dec	    hex	filename
    656	      8	   1568	   2232	    8b8	snake.elf
Finished building: default.size.stdout
 
Finished building: snake.bin
 
Finished building: snake.list
 
10:41:37 **** Incremental Build of configuration Debug for project snake ****
make -j4 all 
arm-none-eabi-gcc "../Src/main.c" -mcpu=cortex-m4 -std=gnu11 -g3 -DSTM32 -DSTM32F401RETx -DSTM32F4 -DDEBUG -c -I../Inc -O0 -ffunction-sections -fdata-sections -Wall -fstack-usage -MMD -MP -MF"Src/main.d" -MT"Src/main.o" --specs=nano.specs -mfpu=fpv4-sp-d16 -mfloat-abi=hard -mthumb -o "Src/main.o"
arm-none-eabi-gcc -o "snake.elf" @"objects.list"   -mcpu=cortex-m4 -T"E:\Documents\FEE\Microprocessors\blink\snake\STM32F401RETX_FLASH.ld" --specs=nosys.specs -Wl,-Map="snake.map" -Wl,--gc-sections -static --specs=nano.specs -mfpu=fpv4-sp-d16 -mfloat-abi=hard -mthumb -Wl,--start-group -lc -lm -Wl,--end-group
Finished building target: snake.elf
 
arm-none-eabi-objdump -h -S  snake.elf  > "snake.list"
arm-none-eabi-objcopy  -O binary  snake.elf  "snake.bin"
arm-none-eabi-size   snake.elf 
   text	   data	    bss	    dec	    hex	filename
    316	    420	   1568	   2304	    900	snake.elf
Finished building: default.size.stdout
Finished building: snake.list
Finished building: snake.bin
 
 
 
10:44:14 **** Incremental Build of configuration Debug for project snake ****
make -j4 all 
arm-none-eabi-gcc "../Src/main.c" -mcpu=cortex-m4 -std=gnu11 -g3 -DSTM32 -DSTM32F401RETx -DSTM32F4 -DDEBUG -c -I../Inc -O0 -ffunction-sections -fdata-sections -Wall -fstack-usage -MMD -MP -MF"Src/main.d" -MT"Src/main.o" --specs=nano.specs -mfpu=fpv4-sp-d16 -mfloat-abi=hard -mthumb -o "Src/main.o"
arm-none-eabi-gcc -o "snake.elf" @"objects.list"   -mcpu=cortex-m4 -T"E:\Documents\FEE\Microprocessors\blink\snake\STM32F401RETX_FLASH.ld" --specs=nosys.specs -Wl,-Map="snake.map" -Wl,--gc-sections -static --specs=nano.specs -mfpu=fpv4-sp-d16 -mfloat-abi=hard -mthumb -Wl,--start-group -lc -lm -Wl,--end-group
Finished building target: snake.elf
 
arm-none-eabi-objdump -h -S  snake.elf  > "snake.list"
arm-none-eabi-objcopy  -O binary  snake.elf  "snake.bin"
arm-none-eabi-size   snake.elf 
   text	   data	    bss	    dec	    hex	filename
    696	    420	   1568	   2684	    a7c	snake.elf
Finished building: default.size.stdout
Finished building: snake.list
Finished building: snake.bin
 
 
 
