10:44:14 **** Incremental Build of configuration Debug for project snake ****
make -j4 all 
arm-none-eabi-gcc "../Src/main.c" -mcpu=cortex-m4 -std=gnu11 -g3 -DSTM32 -DSTM32F401RETx -DSTM32F4 -DDEBUG -c -I../Inc -O0 -ffunction-sections -fdata-sections -Wall -fstack-usage -MMD -MP -MF"Src/main.d" -MT"Src/main.o" --specs=nano.specs -mfpu=fpv4-sp-d16 -mfloat-abi=hard -mthumb -o "Src/main.o"
arm-none-eabi-gcc -o "snake.elf" @"objects.list"   -mcpu=cortex-m4 -T"E:\Documents\FEE\Microprocessors\blink\snake\STM32F401RETX_FLASH.ld" --specs=nosys.specs -Wl,-Map="snake.map" -Wl,--gc-sections -static --specs=nano.specs -mfpu=fpv4-sp-d16 -mfloat-abi=hard -mthumb -Wl,--start-group -lc -lm -Wl,--end-group
Finished building target: snake.elf
 
arm-none-eabi-objdump -h -S  snake.elf  > "snake.list"
arm-none-eabi-objcopy  -O binary  snake.elf  "snake.bin"
arm-none-eabi-size   snake.elf 
   text	   data	    bss	    dec	    hex	filename
    696	    420	   1568	   2684	    a7c	snake.elf
Finished building: default.size.stdout
Finished building: snake.list
Finished building: snake.bin
 
 
 

10:44:15 Build Finished. 0 errors, 0 warnings. (took 611ms)

